{
  "method": {
    "engine": "default V2",
    "rosterPlayers": 525,
    "rosterSchedule": "Every unordered team pair, 12 matches, alternating home court",
    "availabilityAgeAssumption": 27,
    "pairedGamesPerVariant": 2500,
    "pairedRotation": "8 players x 30 minutes; seven unchanged players and one C under test",
    "statSnapshot": "scripts/data/player_semantic_calibration_v9.json; 2025-26 season",
    "scope": "Pure runtime probes; no browser UI or V1 statistical audit"
  },
  "ovrZeroWeights": {
    "PG": [],
    "SG": [],
    "SF": [],
    "PF": [],
    "C": []
  },
  "sameOvrCenter": [
    {
      "HAN": 25,
      "PDEF": 25,
      "STL": 25,
      "ovr": 75,
      "offense": 71.5141,
      "defense": 73.9688
    },
    {
      "HAN": 99,
      "PDEF": 99,
      "STL": 99,
      "ovr": 85,
      "offense": 84.3574,
      "defense": 77.2806
    }
  ],
  "topDefense": [
    {
      "team": "WAS",
      "name": "安东尼-戴维斯",
      "ovr": 91,
      "offense": 80.9592,
      "defense": 93.6363
    },
    {
      "team": "MIA",
      "name": "扬尼斯-阿德托昆博",
      "ovr": 94,
      "offense": 89.9996,
      "defense": 91.2848
    },
    {
      "team": "SAS",
      "name": "维克托-文班亚马",
      "ovr": 93,
      "offense": 76.7022,
      "defense": 87.7243
    },
    {
      "team": "CLE",
      "name": "埃文-莫布利",
      "ovr": 87,
      "offense": 75.7914,
      "defense": 87.4464
    },
    {
      "team": "POR",
      "name": "罗伯特-威廉姆斯三世",
      "ovr": 78,
      "offense": 70.8433,
      "defense": 86.0012
    },
    {
      "team": "DEN",
      "name": "尼古拉-约基奇",
      "ovr": 95,
      "offense": 92.7645,
      "defense": 84.5986
    },
    {
      "team": "MIN",
      "name": "鲁迪-戈贝尔",
      "ovr": 76,
      "offense": 62.6796,
      "defense": 83.7458
    },
    {
      "team": "NYK",
      "name": "安德烈-德拉蒙德",
      "ovr": 76,
      "offense": 68.5576,
      "defense": 83.6261
    },
    {
      "team": "IND",
      "name": "伊维察-祖巴茨",
      "ovr": 81,
      "offense": 68.9464,
      "defense": 83.1099
    },
    {
      "team": "DET",
      "name": "杰伦-杜伦",
      "ovr": 82,
      "offense": 72.551,
      "defense": 83.0171
    },
    {
      "team": "BOS",
      "name": "米切尔-罗宾逊",
      "ovr": 77,
      "offense": 64.4432,
      "defense": 82.575
    },
    {
      "team": "GSW",
      "name": "德雷蒙德-格林",
      "ovr": 80,
      "offense": 77.224,
      "defense": 82.2598
    },
    {
      "team": "HOU",
      "name": "克林特-卡佩拉",
      "ovr": 73,
      "offense": 63.8439,
      "defense": 81.8468
    },
    {
      "team": "PHI",
      "name": "乔尔-恩比德",
      "ovr": 87,
      "offense": 76.1158,
      "defense": 81.7067
    },
    {
      "team": "HOU",
      "name": "史蒂文-亚当斯",
      "ovr": 76,
      "offense": 65.5199,
      "defense": 81.5634
    },
    {
      "team": "UTA",
      "name": "小贾伦-杰克逊",
      "ovr": 83,
      "offense": 74.1399,
      "defense": 81.1796
    },
    {
      "team": "MIA",
      "name": "巴姆-阿德巴约",
      "ovr": 88,
      "offense": 77.246,
      "defense": 81.0852
    },
    {
      "team": "CLE",
      "name": "贾勒特-阿伦",
      "ovr": 83,
      "offense": 75.9576,
      "defense": 80.9359
    }
  ],
  "simulatedGames": 5220,
  "teamAverages": {
    "pts": 115.8222,
    "fta": 20.8389,
    "ftm": 16.5603,
    "fga": 87.9166,
    "fgm": 43.5115,
    "threeA": 35.209,
    "threeM": 12.2389,
    "orb": 8.9722,
    "pace": 101.2533,
    "reb": 44.8865,
    "ast": 27.4424,
    "stl": 7.828,
    "blk": 4.3561,
    "tov": 13.6538,
    "ftPct": 0.7947,
    "fgPct": 0.4949,
    "threePct": 0.3476,
    "freeThrowRate": 0.237
  },
  "invariantErrors": 0,
  "leaders": {
    "pts": [
      {
        "id": "P0225",
        "name": "卢卡-东契奇",
        "value": 32.1349,
        "mins": 34.39,
        "maxPts": 75
      },
      {
        "id": "P0264",
        "name": "扬尼斯-阿德托昆博",
        "value": 31.3234,
        "mins": 34.3084,
        "maxPts": 75
      },
      {
        "id": "P0040",
        "name": "杰森-塔图姆",
        "value": 31.2857,
        "mins": 33.7888,
        "maxPts": 57
      },
      {
        "id": "P0347",
        "name": "谢伊-吉尔杰斯-亚历山大",
        "value": 31.0769,
        "mins": 34.1568,
        "maxPts": 61
      },
      {
        "id": "P0471",
        "name": "科怀-伦纳德",
        "value": 30.2348,
        "mins": 34.2774,
        "maxPts": 57
      },
      {
        "id": "P0091",
        "name": "多诺万-米切尔",
        "value": 28.9725,
        "mins": 33.811,
        "maxPts": 60
      },
      {
        "id": "P0189",
        "name": "泰雷塞-哈利伯顿",
        "value": 28.4765,
        "mins": 32.9248,
        "maxPts": 59
      },
      {
        "id": "P0105",
        "name": "凯里-欧文",
        "value": 28.3623,
        "mins": 32.8383,
        "maxPts": 57
      },
      {
        "id": "P0019",
        "name": "小迈克尔-波特",
        "value": 27.2766,
        "mins": 32.4802,
        "maxPts": 65
      },
      {
        "id": "P0296",
        "name": "安东尼-爱德华兹",
        "value": 27.2691,
        "mins": 33.3578,
        "maxPts": 52
      }
    ],
    "reb": [
      {
        "id": "P0452",
        "name": "维克托-文班亚马",
        "value": 12.8955,
        "mins": 33.2388,
        "maxPts": 48
      },
      {
        "id": "P0120",
        "name": "尼古拉-约基奇",
        "value": 12.5969,
        "mins": 34.0938,
        "maxPts": 71
      },
      {
        "id": "P0264",
        "name": "扬尼斯-阿德托昆博",
        "value": 12.024,
        "mins": 34.3084,
        "maxPts": 75
      },
      {
        "id": "P0331",
        "name": "卡尔-安东尼-唐斯",
        "value": 11.8188,
        "mins": 31.8432,
        "maxPts": 38
      },
      {
        "id": "P0509",
        "name": "安东尼-戴维斯",
        "value": 11.3487,
        "mins": 33.2171,
        "maxPts": 67
      },
      {
        "id": "P0491",
        "name": "优素福-努尔基奇",
        "value": 11.1362,
        "mins": 31.4211,
        "maxPts": 30
      },
      {
        "id": "P0434",
        "name": "多曼塔斯-萨博尼斯",
        "value": 10.9435,
        "mins": 31.7138,
        "maxPts": 38
      },
      {
        "id": "P0350",
        "name": "以赛亚-哈尔滕施泰因",
        "value": 10.8225,
        "mins": 30.6686,
        "maxPts": 23
      },
      {
        "id": "P0191",
        "name": "伊维察-祖巴茨",
        "value": 10.8152,
        "mins": 30.6152,
        "maxPts": 22
      },
      {
        "id": "P0421",
        "name": "多诺万-克林根",
        "value": 10.7683,
        "mins": 30.8328,
        "maxPts": 20
      }
    ],
    "ast": [
      {
        "id": "P0120",
        "name": "尼古拉-约基奇",
        "value": 9.9031,
        "mins": 34.0938,
        "maxPts": 71
      },
      {
        "id": "P0138",
        "name": "凯德-坎宁安",
        "value": 9.1477,
        "mins": 33.4677,
        "maxPts": 60
      },
      {
        "id": "P0076",
        "name": "乔什-吉迪",
        "value": 8.6607,
        "mins": 32.5506,
        "maxPts": 67
      },
      {
        "id": "P0510",
        "name": "特雷-杨",
        "value": 8.3538,
        "mins": 32.28,
        "maxPts": 59
      },
      {
        "id": "P0490",
        "name": "以赛亚-科利尔",
        "value": 8.2455,
        "mins": 31.2212,
        "maxPts": 51
      },
      {
        "id": "P0225",
        "name": "卢卡-东契奇",
        "value": 7.8827,
        "mins": 34.39,
        "maxPts": 75
      },
      {
        "id": "P0297",
        "name": "拉梅洛-鲍尔",
        "value": 7.5152,
        "mins": 31.9573,
        "maxPts": 59
      },
      {
        "id": "P0189",
        "name": "泰雷塞-哈利伯顿",
        "value": 7.5078,
        "mins": 32.9248,
        "maxPts": 59
      },
      {
        "id": "P0419",
        "name": "贾-莫兰特",
        "value": 7.3618,
        "mins": 32.1206,
        "maxPts": 57
      },
      {
        "id": "P0436",
        "name": "拉塞尔-威斯布鲁克",
        "value": 7.3224,
        "mins": 32.0746,
        "maxPts": 54
      }
    ],
    "stl": [
      {
        "id": "P0003",
        "name": "戴森-丹尼尔斯",
        "value": 2.5166,
        "mins": 31.6042,
        "maxPts": 24
      },
      {
        "id": "P0471",
        "name": "科怀-伦纳德",
        "value": 2.4604,
        "mins": 34.2774,
        "maxPts": 57
      },
      {
        "id": "P0139",
        "name": "奥萨尔-汤普森",
        "value": 2.3402,
        "mins": 31.6833,
        "maxPts": 47
      },
      {
        "id": "P0366",
        "name": "杰伦-萨格斯",
        "value": 2.1794,
        "mins": 29.2794,
        "maxPts": 27
      },
      {
        "id": "P0027",
        "name": "基恩-埃利斯",
        "value": 2.1541,
        "mins": 31.0685,
        "maxPts": 22
      },
      {
        "id": "P0042",
        "name": "保罗-乔治",
        "value": 2.1379,
        "mins": 32.4138,
        "maxPts": 43
      },
      {
        "id": "P0174",
        "name": "阿门-汤普森",
        "value": 2.0266,
        "mins": 32.5,
        "maxPts": 51
      },
      {
        "id": "P0231",
        "name": "贾里德-范德比尔特",
        "value": 1.9931,
        "mins": 30.1649,
        "maxPts": 17
      },
      {
        "id": "P0316",
        "name": "德章泰-默里",
        "value": 1.9836,
        "mins": 32.1086,
        "maxPts": 57
      },
      {
        "id": "P0436",
        "name": "拉塞尔-威斯布鲁克",
        "value": 1.9552,
        "mins": 32.0746,
        "maxPts": 54
      }
    ],
    "blk": [
      {
        "id": "P0452",
        "name": "维克托-文班亚马",
        "value": 2.4418,
        "mins": 33.2388,
        "maxPts": 48
      },
      {
        "id": "P0227",
        "name": "沃克-凯斯勒",
        "value": 1.9362,
        "mins": 30.9514,
        "maxPts": 22
      },
      {
        "id": "P0421",
        "name": "多诺万-克林根",
        "value": 1.8094,
        "mins": 30.8328,
        "maxPts": 20
      },
      {
        "id": "P0489",
        "name": "小贾伦-杰克逊",
        "value": 1.6894,
        "mins": 31.8944,
        "maxPts": 35
      },
      {
        "id": "P0348",
        "name": "切特-霍姆格伦",
        "value": 1.6821,
        "mins": 31.4136,
        "maxPts": 32
      },
      {
        "id": "P0509",
        "name": "安东尼-戴维斯",
        "value": 1.6776,
        "mins": 33.2171,
        "maxPts": 67
      },
      {
        "id": "P0092",
        "name": "埃文-莫布利",
        "value": 1.6499,
        "mins": 32.7953,
        "maxPts": 42
      },
      {
        "id": "P0212",
        "name": "布鲁克-洛佩斯",
        "value": 1.6489,
        "mins": 29.9687,
        "maxPts": 25
      },
      {
        "id": "P0264",
        "name": "扬尼斯-阿德托昆博",
        "value": 1.5958,
        "mins": 34.3084,
        "maxPts": 75
      },
      {
        "id": "P0324",
        "name": "卡洛-马特科维奇",
        "value": 1.5833,
        "mins": 30.5192,
        "maxPts": 22
      }
    ],
    "tov": [
      {
        "id": "P0120",
        "name": "尼古拉-约基奇",
        "value": 3.4406,
        "mins": 34.0938,
        "maxPts": 71
      },
      {
        "id": "P0138",
        "name": "凯德-坎宁安",
        "value": 3.3662,
        "mins": 33.4677,
        "maxPts": 60
      },
      {
        "id": "P0225",
        "name": "卢卡-东契奇",
        "value": 3.3636,
        "mins": 34.39,
        "maxPts": 75
      },
      {
        "id": "P0105",
        "name": "凯里-欧文",
        "value": 3.2964,
        "mins": 32.8383,
        "maxPts": 57
      },
      {
        "id": "P0264",
        "name": "扬尼斯-阿德托昆博",
        "value": 3.1437,
        "mins": 34.3084,
        "maxPts": 75
      },
      {
        "id": "P0297",
        "name": "拉梅洛-鲍尔",
        "value": 3.0488,
        "mins": 31.9573,
        "maxPts": 59
      },
      {
        "id": "P0189",
        "name": "泰雷塞-哈利伯顿",
        "value": 3.0408,
        "mins": 32.9248,
        "maxPts": 59
      },
      {
        "id": "P0091",
        "name": "多诺万-米切尔",
        "value": 3,
        "mins": 33.811,
        "maxPts": 60
      },
      {
        "id": "P0510",
        "name": "特雷-杨",
        "value": 2.9477,
        "mins": 32.28,
        "maxPts": 59
      },
      {
        "id": "P0001",
        "name": "杰伦-约翰逊",
        "value": 2.921,
        "mins": 32.696,
        "maxPts": 44
      }
    ]
  },
  "playerExamples": [
    {
      "id": "P0078",
      "team": "CHI",
      "name": "尼古拉斯-克拉克斯顿",
      "threePT": 64,
      "MID": 69,
      "ovr": 78,
      "offense": 69.2318,
      "defense": 76.5714,
      "snapshot": {
        "PLAYER_ID": 1629651,
        "PLAYER": "Nic Claxton",
        "TEAM": "BKN",
        "GP": 69,
        "MIN": 27.8,
        "FG_PCT": 0.571,
        "FG3_PCT": 0.158,
        "FT_PCT": 0.616,
        "REB": 6.9,
        "AST": 3.7,
        "STL": 0.7,
        "BLK": 1.1,
        "TOV": 1.4,
        "PTS": 11.7,
        "EFF": 17.8,
        "SOURCE": "NBA",
        "SOURCE_URL": "https://www.nba.com/stats/player/1629651"
      },
      "simulated": {
        "games": 309,
        "mins": 31.0324,
        "pts": 12.4434,
        "threeA": 0.0421,
        "threePct": 0.3077,
        "fta": 2.6343,
        "ftPct": 0.7359,
        "fgPct": 0.6042
      }
    },
    {
      "id": "P0156",
      "team": "GSW",
      "name": "斯蒂芬-库里",
      "threePT": 97,
      "MID": 97,
      "ovr": 91,
      "offense": 96.0487,
      "defense": 61.7909,
      "snapshot": {
        "PLAYER_ID": null,
        "PLAYER": "Stephen Curry",
        "TEAM": "GS",
        "GP": 43,
        "MIN": 30.906977,
        "FG_PCT": 0.46808998107910155,
        "FG3_PCT": 0.39256197214126587,
        "FT_PCT": 0.9230799865722656,
        "REB": 3.5813954,
        "AST": 4.72093,
        "STL": 1.1395348,
        "BLK": 0.39534885,
        "TOV": 2.8139534,
        "PTS": 26.55814,
        "EFF": null,
        "SOURCE": "ESPN",
        "SOURCE_URL": "https://www.espn.com/nba/player/stats/_/id/3975/stephen-curry"
      },
      "simulated": {
        "games": 330,
        "mins": 33.2848,
        "pts": 25.8939,
        "threeA": 10.0455,
        "threePct": 0.3861,
        "fta": 4.5576,
        "ftPct": 0.9129,
        "fgPct": 0.4614
      }
    },
    {
      "id": "P0180",
      "team": "HOU",
      "name": "克林特-卡佩拉",
      "threePT": 28,
      "MID": 50,
      "ovr": 73,
      "offense": 63.8439,
      "defense": 81.8468,
      "snapshot": {
        "PLAYER_ID": 203991,
        "PLAYER": "Clint Capela",
        "TEAM": "HOU",
        "GP": 75,
        "MIN": 12.3,
        "FG_PCT": 0.52,
        "FG3_PCT": 0.5,
        "FT_PCT": 0.577,
        "REB": 4.6,
        "AST": 0.7,
        "STL": 0.5,
        "BLK": 0.8,
        "TOV": 0.5,
        "PTS": 3.8,
        "EFF": 7.9,
        "SOURCE": "NBA",
        "SOURCE_URL": "https://www.nba.com/stats/player/203991"
      },
      "simulated": {
        "games": 5,
        "mins": 5.8,
        "pts": 0.4,
        "threeA": 0,
        "threePct": null,
        "fta": 0.4,
        "ftPct": 1,
        "fgPct": 0
      }
    },
    {
      "id": "P0298",
      "team": "MIN",
      "name": "鲁迪-戈贝尔",
      "threePT": 28,
      "MID": 54,
      "ovr": 76,
      "offense": 62.6796,
      "defense": 83.7458,
      "snapshot": {
        "PLAYER_ID": 203497,
        "PLAYER": "Rudy Gobert",
        "TEAM": "MIN",
        "GP": 76,
        "MIN": 31.3,
        "FG_PCT": 0.682,
        "FG3_PCT": 0,
        "FT_PCT": 0.526,
        "REB": 11.5,
        "AST": 1.7,
        "STL": 0.8,
        "BLK": 1.6,
        "TOV": 1.4,
        "PTS": 10.9,
        "EFF": 21.1,
        "SOURCE": "NBA",
        "SOURCE_URL": "https://www.nba.com/stats/player/203497"
      },
      "simulated": {
        "games": 330,
        "mins": 29.8061,
        "pts": 8.3091,
        "threeA": 0.0394,
        "threePct": 0.0769,
        "fta": 3.3091,
        "ftPct": 0.5284,
        "fgPct": 0.6704
      }
    }
  ],
  "sameOvrGameImpact": {
    "low": {
      "ovr": 75,
      "offense": 71.5141,
      "defense": 73.9688,
      "margin": -2.7276,
      "firstThreeQuartersMargin": -2.1616,
      "expectedMargin": -2.9132,
      "winPct": 0.4268
    },
    "high": {
      "ovr": 85,
      "offense": 84.3574,
      "defense": 77.2806,
      "margin": 1.9868,
      "firstThreeQuartersMargin": 1.3956,
      "expectedMargin": 2.145,
      "winPct": 0.5396
    }
  },
  "clutchGameImpact": {
    "low": {
      "ovr": 79,
      "offense": 75.51,
      "defense": 75.86,
      "margin": 0.2016,
      "firstThreeQuartersMargin": -0.0304,
      "expectedMargin": 0,
      "winPct": 0.4996
    },
    "high": {
      "ovr": 83,
      "offense": 75.51,
      "defense": 75.86,
      "margin": 0.372,
      "firstThreeQuartersMargin": -0.0304,
      "expectedMargin": 0,
      "winPct": 0.5072
    }
  },
  "ftFormulaNeutral": [
    {
      "threeAndMid": 25,
      "freeThrowPct": 0.43
    },
    {
      "threeAndMid": 50,
      "freeThrowPct": 0.6023
    },
    {
      "threeAndMid": 75,
      "freeThrowPct": 0.7746
    },
    {
      "threeAndMid": 99,
      "freeThrowPct": 0.94
    }
  ],
  "injuryRates": [
    {
      "age": 22,
      "perGamePct": 0.65,
      "conditionalMajorPct": 0.4,
      "majorPerGamePct": 0.0026
    },
    {
      "age": 25,
      "perGamePct": 0.65,
      "conditionalMajorPct": 0.4,
      "majorPerGamePct": 0.0026
    },
    {
      "age": 26,
      "perGamePct": 0.7,
      "conditionalMajorPct": 0.7,
      "majorPerGamePct": 0.0049
    },
    {
      "age": 30,
      "perGamePct": 0.8,
      "conditionalMajorPct": 0.7,
      "majorPerGamePct": 0.0056
    },
    {
      "age": 34,
      "perGamePct": 1.4,
      "conditionalMajorPct": 1.1,
      "majorPerGamePct": 0.0154
    },
    {
      "age": 38,
      "perGamePct": 3.2,
      "conditionalMajorPct": 1.6,
      "majorPerGamePct": 0.0512
    }
  ],
  "surgery": {
    "remainingRegularGames": 4,
    "assignedInjuryGames": 32,
    "severity": "major",
    "canOfferPlayThrough": false,
    "injuryGamesAtPlayoffStart": 28
  },
  "concussion": {
    "severity": "medical",
    "canOfferPlayThrough": false
  },
  "annualAttributeDeltas": {
    "22": {
      "threePT": 0.396,
      "MID": 0.402,
      "FIN": 0.15,
      "DNK": 0.168,
      "HAN": 0.424,
      "PAS": 0.376,
      "PDEF": 0.166,
      "STL": 0.156,
      "IDEF": 0.146,
      "BLK": 0.166,
      "REB": 0.174,
      "ATH": 0.412,
      "STR": 0.164,
      "CLU": 0.156
    },
    "28": {
      "threePT": 0,
      "MID": 0,
      "FIN": 0,
      "DNK": 0,
      "HAN": 0,
      "PAS": 0,
      "PDEF": 0,
      "STL": 0,
      "IDEF": 0,
      "BLK": 0,
      "REB": 0,
      "ATH": 0,
      "STR": 0,
      "CLU": 0
    },
    "32": {
      "threePT": -0.364,
      "MID": -0.368,
      "FIN": -0.762,
      "DNK": -1.044,
      "HAN": -0.382,
      "PAS": -0.382,
      "PDEF": -1.042,
      "STL": -1.072,
      "IDEF": -0.736,
      "BLK": -0.744,
      "REB": -0.736,
      "ATH": -1.064,
      "STR": -1.052,
      "CLU": -0.36
    },
    "35": {
      "threePT": -0.74,
      "MID": -0.76,
      "FIN": -1.494,
      "DNK": -2.086,
      "HAN": -0.76,
      "PAS": -0.756,
      "PDEF": -2.08,
      "STL": -2.05,
      "IDEF": -1.558,
      "BLK": -1.55,
      "REB": -1.532,
      "ATH": -2.138,
      "STR": -2.046,
      "CLU": -0.734
    },
    "38": {
      "threePT": -1.102,
      "MID": -1.144,
      "FIN": -2.244,
      "DNK": -3.118,
      "HAN": -1.152,
      "PAS": -1.124,
      "PDEF": -3.198,
      "STL": -3.064,
      "IDEF": -2.202,
      "BLK": -2.234,
      "REB": -2.224,
      "ATH": -3.132,
      "STR": -3.154,
      "CLU": -1.094
    }
  },
  "playerStatComparisons": {
    "pts": {
      "count": 219,
      "meanError": -1.3287,
      "meanAbsoluteError": 1.846,
      "focus": [
        {
          "id": "P0156",
          "name": "Stephen Curry",
          "actual": 28.0062,
          "expected": 30.9345,
          "error": -2.9283
        },
        {
          "id": "P0193",
          "name": "T.J. McConnell",
          "actual": 14.8248,
          "expected": 19.6262,
          "error": -4.8013
        },
        {
          "id": "P0350",
          "name": "Isaiah Hartenstein",
          "actual": 12.6795,
          "expected": 13.6781,
          "error": -0.9986
        },
        {
          "id": "P0382",
          "name": "Joel Embiid",
          "actual": 26.5781,
          "expected": 30.6045,
          "error": -4.0264
        },
        {
          "id": "P0419",
          "name": "Ja Morant",
          "actual": 25.1054,
          "expected": 24.6116,
          "error": 0.4938
        },
        {
          "id": "P0452",
          "name": "Victor Wembanyama",
          "actual": 28.4929,
          "expected": 30.8219,
          "error": -2.3291
        },
        {
          "id": "P0487",
          "name": "Lauri Markkanen",
          "actual": 25.0763,
          "expected": 28.0166,
          "error": -2.9404
        },
        {
          "id": "P0491",
          "name": "Jusuf Nurkic",
          "actual": 14.6994,
          "expected": 14.8587,
          "error": -0.1593
        }
      ],
      "largest": [
        {
          "id": "P0195",
          "name": "Obi Toppin",
          "actual": 17.866,
          "expected": 23.6887,
          "error": -5.8227
        },
        {
          "id": "P0083",
          "name": "Leonard Miller",
          "actual": 12.9659,
          "expected": 18.0751,
          "error": -5.1092
        },
        {
          "id": "P0417",
          "name": "Deni Avdija",
          "actual": 21.1198,
          "expected": 26.1622,
          "error": -5.0424
        },
        {
          "id": "P0514",
          "name": "Deandre Ayton",
          "actual": 11.5121,
          "expected": 16.5441,
          "error": -5.032
        },
        {
          "id": "P0422",
          "name": "Jrue Holiday",
          "actual": 14.9324,
          "expected": 19.9615,
          "error": -5.0291
        },
        {
          "id": "P0423",
          "name": "Scoot Henderson",
          "actual": 15.5324,
          "expected": 20.5508,
          "error": -5.0184
        },
        {
          "id": "P0193",
          "name": "T.J. McConnell",
          "actual": 14.8248,
          "expected": 19.6262,
          "error": -4.8013
        },
        {
          "id": "P0095",
          "name": "Sam Merrill",
          "actual": 12.6884,
          "expected": 17.3333,
          "error": -4.645
        }
      ]
    },
    "reb": {
      "count": 219,
      "meanError": 0.1738,
      "meanAbsoluteError": 0.9139,
      "focus": [
        {
          "id": "P0156",
          "name": "Stephen Curry",
          "actual": 5.457,
          "expected": 4.1716,
          "error": 1.2855
        },
        {
          "id": "P0193",
          "name": "T.J. McConnell",
          "actual": 5.2134,
          "expected": 4.6355,
          "error": 0.5779
        },
        {
          "id": "P0350",
          "name": "Isaiah Hartenstein",
          "actual": 12.7038,
          "expected": 14.0264,
          "error": -1.3225
        },
        {
          "id": "P0382",
          "name": "Joel Embiid",
          "actual": 11.6492,
          "expected": 8.7827,
          "error": 2.8665
        },
        {
          "id": "P0419",
          "name": "Ja Morant",
          "actual": 3.8304,
          "expected": 4.1125,
          "error": -0.2821
        },
        {
          "id": "P0452",
          "name": "Victor Wembanyama",
          "actual": 13.9668,
          "expected": 14.1781,
          "error": -0.2113
        },
        {
          "id": "P0487",
          "name": "Lauri Markkanen",
          "actual": 8.0138,
          "expected": 7.21,
          "error": 0.8038
        },
        {
          "id": "P0491",
          "name": "Jusuf Nurkic",
          "actual": 12.7591,
          "expected": 14.1274,
          "error": -1.3683
        }
      ],
      "largest": [
        {
          "id": "P0045",
          "name": "Mitchell Robinson",
          "actual": 11.0906,
          "expected": 16.1633,
          "error": -5.0727
        },
        {
          "id": "P0255",
          "name": "Taylor Hendricks",
          "actual": 11.0568,
          "expected": 7.0476,
          "error": 4.0092
        },
        {
          "id": "P0471",
          "name": "Kawhi Leonard",
          "actual": 10.8195,
          "expected": 7.1776,
          "error": 3.642
        },
        {
          "id": "P0209",
          "name": "Bennedict Mathurin",
          "actual": 9.7637,
          "expected": 6.5111,
          "error": 3.2526
        },
        {
          "id": "P0511",
          "name": "Alex Sarr",
          "actual": 6.5748,
          "expected": 9.7931,
          "error": -3.2183
        },
        {
          "id": "P0213",
          "name": "Kris Dunn",
          "actual": 7.5249,
          "expected": 4.3676,
          "error": 3.1573
        },
        {
          "id": "P0283",
          "name": "Kel'el Ware",
          "actual": 11.6065,
          "expected": 14.6606,
          "error": -3.0542
        },
        {
          "id": "P0382",
          "name": "Joel Embiid",
          "actual": 11.6492,
          "expected": 8.7827,
          "error": 2.8665
        }
      ]
    },
    "ast": {
      "count": 219,
      "meanError": -0.1546,
      "meanAbsoluteError": 0.2922,
      "focus": [
        {
          "id": "P0156",
          "name": "Stephen Curry",
          "actual": 4.9195,
          "expected": 5.4989,
          "error": -0.5794
        },
        {
          "id": "P0193",
          "name": "T.J. McConnell",
          "actual": 8.4854,
          "expected": 10.729,
          "error": -2.2435
        },
        {
          "id": "P0350",
          "name": "Isaiah Hartenstein",
          "actual": 5.1503,
          "expected": 5.2559,
          "error": -0.1056
        },
        {
          "id": "P0382",
          "name": "Joel Embiid",
          "actual": 4.0607,
          "expected": 4.4963,
          "error": -0.4355
        },
        {
          "id": "P0419",
          "name": "Ja Morant",
          "actual": 8.2509,
          "expected": 10.1863,
          "error": -1.9354
        },
        {
          "id": "P0452",
          "name": "Victor Wembanyama",
          "actual": 3.6921,
          "expected": 3.8219,
          "error": -0.1298
        },
        {
          "id": "P0487",
          "name": "Lauri Markkanen",
          "actual": 2.1413,
          "expected": 2.2204,
          "error": -0.0791
        },
        {
          "id": "P0491",
          "name": "Jusuf Nurkic",
          "actual": 5.8244,
          "expected": 6.5152,
          "error": -0.6908
        }
      ],
      "largest": [
        {
          "id": "P0193",
          "name": "T.J. McConnell",
          "actual": 8.4854,
          "expected": 10.729,
          "error": -2.2435
        },
        {
          "id": "P0419",
          "name": "Ja Morant",
          "actual": 8.2509,
          "expected": 10.1863,
          "error": -1.9354
        },
        {
          "id": "P0192",
          "name": "Andrew Nembhard",
          "actual": 6.9378,
          "expected": 8.8085,
          "error": -1.8707
        },
        {
          "id": "P0253",
          "name": "D'Angelo Russell",
          "actual": 6.0662,
          "expected": 7.5636,
          "error": -1.4974
        },
        {
          "id": "P0195",
          "name": "Obi Toppin",
          "actual": 3.236,
          "expected": 4.6698,
          "error": -1.4339
        },
        {
          "id": "P0417",
          "name": "Deni Avdija",
          "actual": 6.3278,
          "expected": 7.2432,
          "error": -0.9155
        },
        {
          "id": "P0048",
          "name": "Mike Conley",
          "actual": 6.5396,
          "expected": 5.7033,
          "error": 0.8363
        },
        {
          "id": "P0256",
          "name": "Walter Clayton Jr.",
          "actual": 6.2403,
          "expected": 7.0588,
          "error": -0.8185
        }
      ]
    },
    "stl": {
      "count": 219,
      "meanError": -0.088,
      "meanAbsoluteError": 0.322,
      "focus": [
        {
          "id": "P0156",
          "name": "Stephen Curry",
          "actual": 1.1307,
          "expected": 1.3273,
          "error": -0.1966
        },
        {
          "id": "P0193",
          "name": "T.J. McConnell",
          "actual": 2.4275,
          "expected": 2.0935,
          "error": 0.3341
        },
        {
          "id": "P0350",
          "name": "Isaiah Hartenstein",
          "actual": 0.4272,
          "expected": 1.5198,
          "error": -1.0926
        },
        {
          "id": "P0382",
          "name": "Joel Embiid",
          "actual": 0.5263,
          "expected": 0.6295,
          "error": -0.1032
        },
        {
          "id": "P0419",
          "name": "Ja Morant",
          "actual": 1.1999,
          "expected": 1.2654,
          "error": -0.0655
        },
        {
          "id": "P0452",
          "name": "Victor Wembanyama",
          "actual": 1.5551,
          "expected": 1.2329,
          "error": 0.3222
        },
        {
          "id": "P0487",
          "name": "Lauri Markkanen",
          "actual": 0.7463,
          "expected": 1.0478,
          "error": -0.3016
        },
        {
          "id": "P0491",
          "name": "Jusuf Nurkic",
          "actual": 0.9826,
          "expected": 1.7285,
          "error": -0.746
        }
      ],
      "largest": [
        {
          "id": "P0271",
          "name": "Dru Smith",
          "actual": 1.7269,
          "expected": 3.092,
          "error": -1.3651
        },
        {
          "id": "P0350",
          "name": "Isaiah Hartenstein",
          "actual": 0.4272,
          "expected": 1.5198,
          "error": -1.0926
        },
        {
          "id": "P0500",
          "name": "Josh Okogie",
          "actual": 2.6647,
          "expected": 1.6552,
          "error": 1.0096
        },
        {
          "id": "P0022",
          "name": "Day'Ron Sharpe",
          "actual": 1.1515,
          "expected": 2.1176,
          "error": -0.9661
        },
        {
          "id": "P0399",
          "name": "Dillon Brooks",
          "actual": 2.1201,
          "expected": 1.2056,
          "error": 0.9145
        },
        {
          "id": "P0387",
          "name": "Justin Edwards",
          "actual": 1.0056,
          "expected": 1.8824,
          "error": -0.8768
        },
        {
          "id": "P0146",
          "name": "Javonte Green",
          "actual": 1.5857,
          "expected": 2.4545,
          "error": -0.8689
        },
        {
          "id": "P0044",
          "name": "Neemias Queta",
          "actual": 0.3179,
          "expected": 1.1383,
          "error": -0.8204
        }
      ]
    },
    "blk": {
      "count": 219,
      "meanError": -0.0506,
      "meanAbsoluteError": 0.2044,
      "focus": [
        {
          "id": "P0156",
          "name": "Stephen Curry",
          "actual": 0.272,
          "expected": 0.4605,
          "error": -0.1885
        },
        {
          "id": "P0193",
          "name": "T.J. McConnell",
          "actual": 0.3656,
          "expected": 0.3738,
          "error": -0.0082
        },
        {
          "id": "P0350",
          "name": "Isaiah Hartenstein",
          "actual": 0.9064,
          "expected": 1.1398,
          "error": -0.2334
        },
        {
          "id": "P0382",
          "name": "Joel Embiid",
          "actual": 1.2495,
          "expected": 1.3789,
          "error": -0.1294
        },
        {
          "id": "P0419",
          "name": "Ja Morant",
          "actual": 0.2703,
          "expected": 0.3796,
          "error": -0.1093
        },
        {
          "id": "P0452",
          "name": "Victor Wembanyama",
          "actual": 2.6446,
          "expected": 3.8219,
          "error": -1.1773
        },
        {
          "id": "P0487",
          "name": "Lauri Markkanen",
          "actual": 0.4838,
          "expected": 0.5239,
          "error": -0.0402
        },
        {
          "id": "P0491",
          "name": "Jusuf Nurkic",
          "actual": 0.6278,
          "expected": 0.7313,
          "error": -0.1035
        }
      ],
      "largest": [
        {
          "id": "P0452",
          "name": "Victor Wembanyama",
          "actual": 2.6446,
          "expected": 3.8219,
          "error": -1.1773
        },
        {
          "id": "P0511",
          "name": "Alex Sarr",
          "actual": 1.4904,
          "expected": 2.6207,
          "error": -1.1303
        },
        {
          "id": "P0264",
          "name": "Giannis Antetokounmpo",
          "actual": 1.6745,
          "expected": 0.8316,
          "error": 0.8429
        },
        {
          "id": "P0099",
          "name": "Craig Porter Jr.",
          "actual": 0.3647,
          "expected": 1.2067,
          "error": -0.842
        },
        {
          "id": "P0174",
          "name": "Amen Thompson",
          "actual": 1.3535,
          "expected": 0.5775,
          "error": 0.7759
        },
        {
          "id": "P0332",
          "name": "OG Anunoby",
          "actual": 1.4825,
          "expected": 0.759,
          "error": 0.7234
        },
        {
          "id": "P0249",
          "name": "Isaiah Stewart",
          "actual": 1.8309,
          "expected": 2.5374,
          "error": -0.7066
        },
        {
          "id": "P0515",
          "name": "Bilal Coulibaly",
          "actual": 0.6259,
          "expected": 1.3243,
          "error": -0.6983
        }
      ]
    },
    "tov": {
      "count": 219,
      "meanError": -0.1307,
      "meanAbsoluteError": 0.4088,
      "focus": [
        {
          "id": "P0156",
          "name": "Stephen Curry",
          "actual": 2.3958,
          "expected": 3.2777,
          "error": -0.8818
        },
        {
          "id": "P0193",
          "name": "T.J. McConnell",
          "actual": 2.5957,
          "expected": 2.3925,
          "error": 0.2032
        },
        {
          "id": "P0350",
          "name": "Isaiah Hartenstein",
          "actual": 2.1497,
          "expected": 2.5963,
          "error": -0.4466
        },
        {
          "id": "P0382",
          "name": "Joel Embiid",
          "actual": 2.6177,
          "expected": 3.2673,
          "error": -0.6495
        },
        {
          "id": "P0419",
          "name": "Ja Morant",
          "actual": 2.914,
          "expected": 4.4921,
          "error": -1.5781
        },
        {
          "id": "P0452",
          "name": "Victor Wembanyama",
          "actual": 2.7222,
          "expected": 2.9589,
          "error": -0.2367
        },
        {
          "id": "P0487",
          "name": "Lauri Markkanen",
          "actual": 2.3213,
          "expected": 1.5717,
          "error": 0.7495
        },
        {
          "id": "P0491",
          "name": "Jusuf Nurkic",
          "actual": 2.3411,
          "expected": 3.3573,
          "error": -1.0162
        }
      ],
      "largest": [
        {
          "id": "P0420",
          "name": "Shaedon Sharpe",
          "actual": 1.7739,
          "expected": 3.5976,
          "error": -1.8236
        },
        {
          "id": "P0161",
          "name": "Draymond Green",
          "actual": 1.8771,
          "expected": 3.5345,
          "error": -1.6574
        },
        {
          "id": "P0417",
          "name": "Deni Avdija",
          "actual": 2.522,
          "expected": 4.1081,
          "error": -1.5861
        },
        {
          "id": "P0419",
          "name": "Ja Morant",
          "actual": 2.914,
          "expected": 4.4921,
          "error": -1.5781
        },
        {
          "id": "P0423",
          "name": "Scoot Henderson",
          "actual": 1.9556,
          "expected": 3.5134,
          "error": -1.5578
        },
        {
          "id": "P0453",
          "name": "Stephon Castle",
          "actual": 2.6105,
          "expected": 3.84,
          "error": -1.2295
        },
        {
          "id": "P0512",
          "name": "Kyshawn George",
          "actual": 2.0466,
          "expected": 3.2351,
          "error": -1.1885
        },
        {
          "id": "P0043",
          "name": "Payton Pritchard",
          "actual": 2.7375,
          "expected": 1.5556,
          "error": 1.182
        }
      ]
    }
  },
  "rollBigUsage": {
    "wembanyama": {
      "shotLoad": 0.6912,
      "interiorUsageLoad": 0.6751,
      "interiorCreatedUsageLoad": 0.6912,
      "scoringLoad": 0.6912,
      "creation": 0.6618,
      "selfCreation": 0.6642,
      "opportunity": 56.6713,
      "roleGrowth": 1
    },
    "embiid": {
      "shotLoad": 0.6664,
      "interiorUsageLoad": 0.6936,
      "interiorCreatedUsageLoad": 0.6839,
      "scoringLoad": 0.6839,
      "creation": 0.5888,
      "selfCreation": 0.5804,
      "opportunity": 46.1274,
      "roleGrowth": 1
    },
    "gobert": {
      "shotLoad": 0.362,
      "interiorUsageLoad": 0.5621,
      "interiorCreatedUsageLoad": 0.362,
      "scoringLoad": 0.362,
      "creation": 0.2793,
      "selfCreation": 0.2041,
      "opportunity": 16.1933,
      "roleGrowth": 1
    },
    "gafford": {
      "shotLoad": 0.4626,
      "interiorUsageLoad": 0.6639,
      "interiorCreatedUsageLoad": 0.4626,
      "scoringLoad": 0.4626,
      "creation": 0.34,
      "selfCreation": 0.2615,
      "opportunity": 7.1061,
      "roleGrowth": 1
    },
    "gobertPhysicalGrowth": {
      "shotLoad": 0.6048,
      "interiorUsageLoad": 0.8971,
      "interiorCreatedUsageLoad": 0.6048,
      "scoringLoad": 0.6048,
      "creation": 0.4485,
      "selfCreation": 0.2284,
      "opportunity": 13.5123,
      "roleGrowth": 1.0813
    },
    "wembanyamaGrowth": {
      "shotLoad": 0.8539,
      "interiorUsageLoad": 0.9058,
      "interiorCreatedUsageLoad": 0.9058,
      "scoringLoad": 0.9058,
      "creation": 0.7819,
      "selfCreation": 0.6716,
      "opportunity": 94.056,
      "roleGrowth": 1.5
    },
    "genericRoll": {
      "shotLoad": 0.4679,
      "interiorUsageLoad": 0.8084,
      "interiorCreatedUsageLoad": 0.4679,
      "scoringLoad": 0.4679,
      "creation": 0.2883,
      "selfCreation": 0.0473,
      "opportunity": 6.8672,
      "roleGrowth": null
    },
    "genericCreator": {
      "shotLoad": 0.7003,
      "interiorUsageLoad": 0.8084,
      "interiorCreatedUsageLoad": 0.8084,
      "scoringLoad": 0.8084,
      "creation": 0.6851,
      "selfCreation": 0.7128,
      "opportunity": 14.8554,
      "roleGrowth": null
    }
  },
  "generatedPlateaus": [
    {
      "pos": "PG",
      "profile": "playmaker",
      "before": 80,
      "after": 85
    },
    {
      "pos": "PG",
      "profile": "scoring_guard",
      "before": 84,
      "after": 89
    },
    {
      "pos": "SG",
      "profile": "perimeter_scorer",
      "before": 89,
      "after": 94
    },
    {
      "pos": "SG",
      "profile": "two_way_slasher",
      "before": 76,
      "after": 81
    },
    {
      "pos": "SF",
      "profile": "two_way_wing",
      "before": 80,
      "after": 85
    },
    {
      "pos": "SF",
      "profile": "point_forward",
      "before": 81,
      "after": 86
    },
    {
      "pos": "PF",
      "profile": "interior_forward",
      "before": 77,
      "after": 82
    },
    {
      "pos": "PF",
      "profile": "stretch_four",
      "before": 77,
      "after": 82
    },
    {
      "pos": "C",
      "profile": "rim_protector",
      "before": 88,
      "after": 93
    },
    {
      "pos": "C",
      "profile": "skilled_big",
      "before": 86,
      "after": 91
    }
  ],
  "roleBiasAcceptance": [
    {
      "metric": "pts",
      "id": "P0452",
      "name": "Victor Wembanyama",
      "actual": 28.4929,
      "expected": 30.8219,
      "error": -2.3291,
      "relativeError": 0.0756
    },
    {
      "metric": "ast",
      "id": "P0350",
      "name": "Isaiah Hartenstein",
      "actual": 5.1503,
      "expected": 5.2559,
      "error": -0.1056,
      "relativeError": 0.0201
    }
  ],
  "failureCount": 0,
  "failures": []
}
