{
  "method": {
    "engine": "default V2",
    "rosterPlayers": 525,
    "rosterSchedule": "Every unordered team pair, 12 matches, alternating home court",
    "availabilityAgeAssumption": 27,
    "pairedGamesPerVariant": 2500,
    "pairedRotation": "8 players x 30 minutes; seven unchanged players and one C under test",
    "statSnapshot": "scripts/data/player_semantic_calibration_v9.json; 2025-26 season",
    "scope": "Pure runtime probes; no browser UI or V1 statistical audit"
  },
  "ovrZeroWeights": {
    "PG": [],
    "SG": [],
    "SF": [],
    "PF": [],
    "C": []
  },
  "sameOvrCenter": [
    {
      "HAN": 25,
      "PDEF": 25,
      "STL": 25,
      "ovr": 79,
      "offense": 71.5141,
      "defense": 73.9688
    },
    {
      "HAN": 99,
      "PDEF": 99,
      "STL": 99,
      "ovr": 87,
      "offense": 84.3574,
      "defense": 77.2806
    }
  ],
  "topDefense": [
    {
      "team": "WAS",
      "name": "戴维斯",
      "ovr": 92,
      "offense": 80.9592,
      "defense": 93.6363
    },
    {
      "team": "MIA",
      "name": "阿德托昆博",
      "ovr": 95,
      "offense": 89.9996,
      "defense": 91.2848
    },
    {
      "team": "SAS",
      "name": "文班亚马",
      "ovr": 96,
      "offense": 76.7022,
      "defense": 87.7243
    },
    {
      "team": "CLE",
      "name": "莫布利",
      "ovr": 87,
      "offense": 75.7914,
      "defense": 87.4464
    },
    {
      "team": "POR",
      "name": "威廉姆斯",
      "ovr": 81,
      "offense": 70.8433,
      "defense": 86.0012
    },
    {
      "team": "DEN",
      "name": "约基奇",
      "ovr": 98,
      "offense": 92.7645,
      "defense": 84.5986
    },
    {
      "team": "MIN",
      "name": "戈贝尔",
      "ovr": 79,
      "offense": 62.6796,
      "defense": 83.7458
    },
    {
      "team": "NYK",
      "name": "德拉蒙德",
      "ovr": 81,
      "offense": 68.5576,
      "defense": 83.6261
    },
    {
      "team": "IND",
      "name": "祖巴茨",
      "ovr": 86,
      "offense": 68.9464,
      "defense": 83.1099
    },
    {
      "team": "DET",
      "name": "杜伦",
      "ovr": 86,
      "offense": 72.551,
      "defense": 83.0171
    },
    {
      "team": "BOS",
      "name": "罗宾逊",
      "ovr": 81,
      "offense": 64.4432,
      "defense": 82.575
    },
    {
      "team": "GSW",
      "name": "格林",
      "ovr": 80,
      "offense": 77.224,
      "defense": 82.2598
    },
    {
      "team": "HOU",
      "name": "卡佩拉",
      "ovr": 77,
      "offense": 63.8439,
      "defense": 81.8468
    },
    {
      "team": "PHI",
      "name": "恩比德",
      "ovr": 90,
      "offense": 76.1158,
      "defense": 81.7067
    },
    {
      "team": "HOU",
      "name": "亚当斯",
      "ovr": 79,
      "offense": 65.5199,
      "defense": 81.5634
    },
    {
      "team": "UTA",
      "name": "杰克逊",
      "ovr": 84,
      "offense": 74.1399,
      "defense": 81.1796
    },
    {
      "team": "MIA",
      "name": "阿德巴约",
      "ovr": 90,
      "offense": 77.246,
      "defense": 81.0852
    },
    {
      "team": "CLE",
      "name": "阿伦",
      "ovr": 88,
      "offense": 75.9576,
      "defense": 80.9359
    }
  ],
  "simulatedGames": 5220,
  "teamAverages": {
    "pts": 115.8192,
    "fta": 20.81,
    "ftm": 16.4708,
    "fga": 87.9038,
    "fgm": 43.6195,
    "threeA": 34.6673,
    "threeM": 12.1093,
    "orb": 8.9643,
    "pace": 101.2238,
    "reb": 44.7787,
    "ast": 27.065,
    "stl": 7.7501,
    "blk": 4.4679,
    "tov": 13.6619,
    "ftPct": 0.7915,
    "fgPct": 0.4962,
    "threePct": 0.3493,
    "freeThrowRate": 0.2367
  },
  "invariantErrors": 0,
  "leaders": {
    "pts": [
      {
        "id": "P0225",
        "name": "东契奇",
        "value": 31.8834,
        "mins": 34.1656,
        "maxPts": 81
      },
      {
        "id": "P0264",
        "name": "阿德托昆博",
        "value": 31.4431,
        "mins": 34.2954,
        "maxPts": 58
      },
      {
        "id": "P0040",
        "name": "塔图姆",
        "value": 31.211,
        "mins": 33.6169,
        "maxPts": 63
      },
      {
        "id": "P0347",
        "name": "亚历山大",
        "value": 31.1215,
        "mins": 33.9813,
        "maxPts": 69
      },
      {
        "id": "P0471",
        "name": "伦纳德",
        "value": 30.9881,
        "mins": 34.244,
        "maxPts": 71
      },
      {
        "id": "P0296",
        "name": "爱德华兹",
        "value": 29.8262,
        "mins": 33.5915,
        "maxPts": 66
      },
      {
        "id": "P0091",
        "name": "米切尔",
        "value": 29.0534,
        "mins": 33.635,
        "maxPts": 65
      },
      {
        "id": "P0105",
        "name": "欧文",
        "value": 27.595,
        "mins": 32.5763,
        "maxPts": 55
      },
      {
        "id": "P0120",
        "name": "约基奇",
        "value": 26.882,
        "mins": 34.4876,
        "maxPts": 63
      },
      {
        "id": "P0330",
        "name": "布伦森",
        "value": 26.7616,
        "mins": 32.6842,
        "maxPts": 63
      }
    ],
    "reb": [
      {
        "id": "P0452",
        "name": "文班亚马",
        "value": 13.1238,
        "mins": 33.6286,
        "maxPts": 48
      },
      {
        "id": "P0264",
        "name": "阿德托昆博",
        "value": 12.2123,
        "mins": 34.2954,
        "maxPts": 58
      },
      {
        "id": "P0120",
        "name": "约基奇",
        "value": 12.0932,
        "mins": 34.4876,
        "maxPts": 63
      },
      {
        "id": "P0331",
        "name": "唐斯",
        "value": 11.5895,
        "mins": 32.3179,
        "maxPts": 51
      },
      {
        "id": "P0191",
        "name": "祖巴茨",
        "value": 11.2823,
        "mins": 31.5375,
        "maxPts": 24
      },
      {
        "id": "P0509",
        "name": "戴维斯",
        "value": 11.1019,
        "mins": 33.1667,
        "maxPts": 54
      },
      {
        "id": "P0350",
        "name": "哈尔滕施泰因",
        "value": 11,
        "mins": 31.142,
        "maxPts": 25
      },
      {
        "id": "P0491",
        "name": "努尔基奇",
        "value": 10.7778,
        "mins": 31.9596,
        "maxPts": 23
      },
      {
        "id": "P0434",
        "name": "萨博尼斯",
        "value": 10.7237,
        "mins": 32.0987,
        "maxPts": 38
      },
      {
        "id": "P0421",
        "name": "克林根",
        "value": 10.5927,
        "mins": 31.4468,
        "maxPts": 26
      }
    ],
    "ast": [
      {
        "id": "P0120",
        "name": "约基奇",
        "value": 9.5994,
        "mins": 34.4876,
        "maxPts": 63
      },
      {
        "id": "P0138",
        "name": "坎宁安",
        "value": 8.9573,
        "mins": 33.2256,
        "maxPts": 49
      },
      {
        "id": "P0076",
        "name": "吉迪",
        "value": 8.94,
        "mins": 32.2033,
        "maxPts": 53
      },
      {
        "id": "P0510",
        "name": "杨",
        "value": 8.2773,
        "mins": 31.8142,
        "maxPts": 43
      },
      {
        "id": "P0225",
        "name": "东契奇",
        "value": 7.8558,
        "mins": 34.1656,
        "maxPts": 81
      },
      {
        "id": "P0189",
        "name": "哈利伯顿",
        "value": 7.7261,
        "mins": 32.6847,
        "maxPts": 52
      },
      {
        "id": "P0490",
        "name": "科利尔",
        "value": 7.6804,
        "mins": 31.088,
        "maxPts": 38
      },
      {
        "id": "P0297",
        "name": "鲍尔",
        "value": 7.5465,
        "mins": 31.8438,
        "maxPts": 47
      },
      {
        "id": "P0419",
        "name": "莫兰特",
        "value": 7.5194,
        "mins": 31.9463,
        "maxPts": 77
      },
      {
        "id": "P0453",
        "name": "卡斯尔",
        "value": 7.0699,
        "mins": 31.3769,
        "maxPts": 62
      }
    ],
    "stl": [
      {
        "id": "P0003",
        "name": "丹尼尔斯",
        "value": 2.4369,
        "mins": 31.4822,
        "maxPts": 24
      },
      {
        "id": "P0471",
        "name": "伦纳德",
        "value": 2.4315,
        "mins": 34.244,
        "maxPts": 71
      },
      {
        "id": "P0027",
        "name": "埃利斯",
        "value": 2.2259,
        "mins": 31.0422,
        "maxPts": 22
      },
      {
        "id": "P0139",
        "name": "汤普森",
        "value": 2.2,
        "mins": 31.5194,
        "maxPts": 47
      },
      {
        "id": "P0366",
        "name": "萨格斯",
        "value": 2.184,
        "mins": 29.0399,
        "maxPts": 31
      },
      {
        "id": "P0042",
        "name": "乔治",
        "value": 2.1238,
        "mins": 32.0124,
        "maxPts": 49
      },
      {
        "id": "P0120",
        "name": "约基奇",
        "value": 2.0435,
        "mins": 34.4876,
        "maxPts": 63
      },
      {
        "id": "P0316",
        "name": "默里",
        "value": 2.0291,
        "mins": 32.0182,
        "maxPts": 48
      },
      {
        "id": "P0174",
        "name": "汤普森",
        "value": 2.0219,
        "mins": 32.395,
        "maxPts": 41
      },
      {
        "id": "P0332",
        "name": "阿奴诺比",
        "value": 1.9558,
        "mins": 30.9587,
        "maxPts": 29
      }
    ],
    "blk": [
      {
        "id": "P0452",
        "name": "文班亚马",
        "value": 2.5079,
        "mins": 33.6286,
        "maxPts": 48
      },
      {
        "id": "P0425",
        "name": "威廉姆斯",
        "value": 1.8532,
        "mins": 30.6544,
        "maxPts": 21
      },
      {
        "id": "P0489",
        "name": "杰克逊",
        "value": 1.7596,
        "mins": 32.016,
        "maxPts": 39
      },
      {
        "id": "P0227",
        "name": "凯斯勒",
        "value": 1.7029,
        "mins": 31.85,
        "maxPts": 28
      },
      {
        "id": "P0063",
        "name": "卡尔克布伦纳",
        "value": 1.6768,
        "mins": 31.0707,
        "maxPts": 23
      },
      {
        "id": "P0045",
        "name": "罗宾逊",
        "value": 1.6713,
        "mins": 31.1834,
        "maxPts": 21
      },
      {
        "id": "P0285",
        "name": "特纳",
        "value": 1.6667,
        "mins": 30.5842,
        "maxPts": 27
      },
      {
        "id": "P0092",
        "name": "莫布利",
        "value": 1.6426,
        "mins": 32.3538,
        "maxPts": 36
      },
      {
        "id": "P0421",
        "name": "克林根",
        "value": 1.614,
        "mins": 31.4468,
        "maxPts": 26
      },
      {
        "id": "P0472",
        "name": "巴恩斯",
        "value": 1.5836,
        "mins": 33.2492,
        "maxPts": 41
      }
    ],
    "tov": [
      {
        "id": "P0120",
        "name": "约基奇",
        "value": 3.3665,
        "mins": 34.4876,
        "maxPts": 63
      },
      {
        "id": "P0225",
        "name": "东契奇",
        "value": 3.316,
        "mins": 34.1656,
        "maxPts": 81
      },
      {
        "id": "P0138",
        "name": "坎宁安",
        "value": 3.2957,
        "mins": 33.2256,
        "maxPts": 49
      },
      {
        "id": "P0105",
        "name": "欧文",
        "value": 3.1651,
        "mins": 32.5763,
        "maxPts": 55
      },
      {
        "id": "P0264",
        "name": "阿德托昆博",
        "value": 3.0892,
        "mins": 34.2954,
        "maxPts": 58
      },
      {
        "id": "P0076",
        "name": "吉迪",
        "value": 2.99,
        "mins": 32.2033,
        "maxPts": 53
      },
      {
        "id": "P0297",
        "name": "鲍尔",
        "value": 2.967,
        "mins": 31.8438,
        "maxPts": 47
      },
      {
        "id": "P0091",
        "name": "米切尔",
        "value": 2.911,
        "mins": 33.635,
        "maxPts": 65
      },
      {
        "id": "P0040",
        "name": "塔图姆",
        "value": 2.9058,
        "mins": 33.6169,
        "maxPts": 63
      },
      {
        "id": "P0189",
        "name": "哈利伯顿",
        "value": 2.879,
        "mins": 32.6847,
        "maxPts": 52
      }
    ]
  },
  "playerExamples": [
    {
      "id": "P0078",
      "team": "CHI",
      "name": "克拉克斯顿",
      "threePT": 64,
      "MID": 69,
      "ovr": 81,
      "offense": 69.2318,
      "defense": 76.5714,
      "snapshot": {
        "PLAYER_ID": 1629651,
        "PLAYER": "Nic Claxton",
        "TEAM": "BKN",
        "GP": 69,
        "MIN": 27.8,
        "FG_PCT": 0.571,
        "FG3_PCT": 0.158,
        "FT_PCT": 0.616,
        "REB": 6.9,
        "AST": 3.7,
        "STL": 0.7,
        "BLK": 1.1,
        "TOV": 1.4,
        "PTS": 11.7,
        "EFF": 17.8,
        "SOURCE": "NBA",
        "SOURCE_URL": "https://www.nba.com/stats/player/1629651"
      },
      "simulated": {
        "games": 317,
        "mins": 31.2839,
        "pts": 13.3785,
        "threeA": 0.0631,
        "threePct": 0.15,
        "fta": 2.7634,
        "ftPct": 0.7169,
        "fgPct": 0.625
      }
    },
    {
      "id": "P0120",
      "team": "DEN",
      "name": "约基奇",
      "threePT": 86,
      "MID": 98,
      "ovr": 98,
      "offense": 92.7645,
      "defense": 84.5986,
      "snapshot": {
        "PLAYER_ID": 203999,
        "PLAYER": "Nikola Jokić",
        "TEAM": "DEN",
        "GP": 65,
        "MIN": 34.8,
        "FG_PCT": 0.569,
        "FG3_PCT": 0.38,
        "FT_PCT": 0.831,
        "REB": 12.9,
        "AST": 10.7,
        "STL": 1.4,
        "BLK": 0.8,
        "TOV": 3.7,
        "PTS": 27.7,
        "EFF": 41,
        "SOURCE": "NBA",
        "SOURCE_URL": "https://www.nba.com/stats/player/203999"
      },
      "simulated": {
        "games": 322,
        "mins": 34.4876,
        "pts": 26.882,
        "threeA": 9.0621,
        "threePct": 0.365,
        "fta": 5.2298,
        "ftPct": 0.8866,
        "fgPct": 0.4964
      }
    },
    {
      "id": "P0156",
      "team": "GSW",
      "name": "库里",
      "threePT": 97,
      "MID": 97,
      "ovr": 91,
      "offense": 96.0487,
      "defense": 61.7909,
      "snapshot": {
        "PLAYER_ID": null,
        "PLAYER": "Stephen Curry",
        "TEAM": "GS",
        "GP": 43,
        "MIN": 30.906977,
        "FG_PCT": 0.46808998107910155,
        "FG3_PCT": 0.39256197214126587,
        "FT_PCT": 0.9230799865722656,
        "REB": 3.5813954,
        "AST": 4.72093,
        "STL": 1.1395348,
        "BLK": 0.39534885,
        "TOV": 2.8139534,
        "PTS": 26.55814,
        "EFF": null,
        "SOURCE": "ESPN",
        "SOURCE_URL": "https://www.espn.com/nba/player/stats/_/id/3975/stephen-curry"
      },
      "simulated": {
        "games": 327,
        "mins": 33.0398,
        "pts": 25.8349,
        "threeA": 10.1254,
        "threePct": 0.3899,
        "fta": 4.5138,
        "ftPct": 0.9234,
        "fgPct": 0.4661
      }
    },
    {
      "id": "P0167",
      "team": "GSW",
      "name": "库里",
      "threePT": 89,
      "MID": 95,
      "ovr": 73,
      "offense": 78.1407,
      "defense": 54.0455,
      "snapshot": {
        "PLAYER_ID": null,
        "PLAYER": "Seth Curry",
        "TEAM": "GS",
        "GP": 10,
        "MIN": 13.3,
        "FG_PCT": 0.4897999954223633,
        "FG3_PCT": 0.47999998927116394,
        "FT_PCT": 0.9166699981689453,
        "REB": 1.2,
        "AST": 1,
        "STL": 0.3,
        "BLK": 0,
        "TOV": 0.2,
        "PTS": 7.1,
        "EFF": null,
        "SOURCE": "ESPN",
        "SOURCE_URL": "https://www.espn.com/nba/player/stats/_/id/2326307/seth-curry"
      },
      "simulated": {
        "games": 7,
        "mins": 6.8571,
        "pts": 1.4286,
        "threeA": 0.5714,
        "threePct": 0.25,
        "fta": 0.4286,
        "ftPct": 1,
        "fgPct": 0.3
      }
    },
    {
      "id": "P0180",
      "team": "HOU",
      "name": "卡佩拉",
      "threePT": 28,
      "MID": 50,
      "ovr": 77,
      "offense": 63.8439,
      "defense": 81.8468,
      "snapshot": {
        "PLAYER_ID": 203991,
        "PLAYER": "Clint Capela",
        "TEAM": "HOU",
        "GP": 75,
        "MIN": 12.3,
        "FG_PCT": 0.52,
        "FG3_PCT": 0.5,
        "FT_PCT": 0.577,
        "REB": 4.6,
        "AST": 0.7,
        "STL": 0.5,
        "BLK": 0.8,
        "TOV": 0.5,
        "PTS": 3.8,
        "EFF": 7.9,
        "SOURCE": "NBA",
        "SOURCE_URL": "https://www.nba.com/stats/player/203991"
      },
      "simulated": {
        "games": 293,
        "mins": 9.9283,
        "pts": 1.9829,
        "threeA": 0,
        "threePct": null,
        "fta": 0.6962,
        "ftPct": 0.5147,
        "fgPct": 0.7147
      }
    },
    {
      "id": "P0181",
      "team": "HOU",
      "name": "亚当斯",
      "threePT": 29,
      "MID": 65,
      "ovr": 79,
      "offense": 65.5199,
      "defense": 81.5634,
      "snapshot": {
        "PLAYER_ID": null,
        "PLAYER": "Steven Adams",
        "TEAM": "HOU",
        "GP": 32,
        "MIN": 22.8125,
        "FG_PCT": 0.5036000061035156,
        "FG3_PCT": 0,
        "FT_PCT": 0.580250015258789,
        "REB": 8.625,
        "AST": 1.5,
        "STL": 0.6875,
        "BLK": 0.625,
        "TOV": 1.09375,
        "PTS": 5.84375,
        "EFF": null,
        "SOURCE": "ESPN",
        "SOURCE_URL": "https://www.espn.com/nba/player/stats/_/id/2991235/steven-adams"
      },
      "simulated": {
        "games": 336,
        "mins": 26.9107,
        "pts": 7.1548,
        "threeA": 0.0327,
        "threePct": 0,
        "fta": 2.3244,
        "ftPct": 0.5531,
        "fgPct": 0.6428
      }
    },
    {
      "id": "P0265",
      "team": "MIA",
      "name": "阿德巴约",
      "threePT": 77,
      "MID": 88,
      "ovr": 90,
      "offense": 77.246,
      "defense": 81.0852,
      "snapshot": {
        "PLAYER_ID": 1628389,
        "PLAYER": "Bam Adebayo",
        "TEAM": "MIA",
        "GP": 73,
        "MIN": 32.4,
        "FG_PCT": 0.442,
        "FG3_PCT": 0.318,
        "FT_PCT": 0.778,
        "REB": 10,
        "AST": 3.2,
        "STL": 1.2,
        "BLK": 0.7,
        "TOV": 1.6,
        "PTS": 20.1,
        "EFF": 23.5,
        "SOURCE": "NBA",
        "SOURCE_URL": "https://www.nba.com/stats/player/1628389"
      },
      "simulated": {
        "games": 330,
        "mins": 33.1758,
        "pts": 21.3,
        "threeA": 5.7818,
        "threePct": 0.3244,
        "fta": 4.2485,
        "ftPct": 0.8231,
        "fgPct": 0.5069
      }
    },
    {
      "id": "P0298",
      "team": "MIN",
      "name": "戈贝尔",
      "threePT": 28,
      "MID": 54,
      "ovr": 79,
      "offense": 62.6796,
      "defense": 83.7458,
      "snapshot": {
        "PLAYER_ID": 203497,
        "PLAYER": "Rudy Gobert",
        "TEAM": "MIN",
        "GP": 76,
        "MIN": 31.3,
        "FG_PCT": 0.682,
        "FG3_PCT": 0,
        "FT_PCT": 0.526,
        "REB": 11.5,
        "AST": 1.7,
        "STL": 0.8,
        "BLK": 1.6,
        "TOV": 1.4,
        "PTS": 10.9,
        "EFF": 21.1,
        "SOURCE": "NBA",
        "SOURCE_URL": "https://www.nba.com/stats/player/203497"
      },
      "simulated": {
        "games": 324,
        "mins": 30.3364,
        "pts": 8.4259,
        "threeA": 0.0309,
        "threePct": 0.1,
        "fta": 3.463,
        "ftPct": 0.5481,
        "fgPct": 0.6529
      }
    },
    {
      "id": "P0339",
      "team": "NYK",
      "name": "德拉蒙德",
      "threePT": 50,
      "MID": 47,
      "ovr": 81,
      "offense": 68.5576,
      "defense": 83.6261,
      "snapshot": {
        "PLAYER_ID": 203083,
        "PLAYER": "Andre Drummond",
        "TEAM": "PHI",
        "GP": 63,
        "MIN": 19.5,
        "FG_PCT": 0.472,
        "FG3_PCT": 0.356,
        "FT_PCT": 0.631,
        "REB": 8.4,
        "AST": 1.3,
        "STL": 0.6,
        "BLK": 0.8,
        "TOV": 1,
        "PTS": 6.4,
        "EFF": 13.2,
        "SOURCE": "NBA",
        "SOURCE_URL": "https://www.nba.com/stats/player/203083"
      },
      "simulated": {
        "games": 334,
        "mins": 22.2126,
        "pts": 7.6886,
        "threeA": 0.0479,
        "threePct": 0.1875,
        "fta": 1.5838,
        "ftPct": 0.6144,
        "fgPct": 0.6592
      }
    },
    {
      "id": "P0353",
      "team": "OKC",
      "name": "卡鲁索",
      "threePT": 76,
      "MID": 82,
      "ovr": 81,
      "offense": 76.2877,
      "defense": 69.2912,
      "snapshot": {
        "PLAYER_ID": null,
        "PLAYER": "Alex Caruso",
        "TEAM": "OKC",
        "GP": 56,
        "MIN": 18.214285,
        "FG_PCT": 0.4233300018310547,
        "FG3_PCT": 0.2928176820278168,
        "FT_PCT": 0.8039199829101562,
        "REB": 2.767857,
        "AST": 1.9642857,
        "STL": 1.2857143,
        "BLK": 0.30357143,
        "TOV": 0.85714287,
        "PTS": 6.214286,
        "EFF": null,
        "SOURCE": "ESPN",
        "SOURCE_URL": "https://www.espn.com/nba/player/stats/_/id/2991350/alex-caruso"
      },
      "simulated": {
        "games": 341,
        "mins": 21.5924,
        "pts": 6.3959,
        "threeA": 1.8622,
        "threePct": 0.3307,
        "fta": 0.871,
        "ftPct": 0.798,
        "fgPct": 0.4803
      }
    },
    {
      "id": "P0384",
      "team": "PHI",
      "name": "西蒙斯",
      "threePT": 82,
      "MID": 85,
      "ovr": 79,
      "offense": 80.6871,
      "defense": 56.4713,
      "snapshot": {
        "PLAYER_ID": null,
        "PLAYER": "Anfernee Simons",
        "TEAM": "PHI",
        "GP": 55,
        "MIN": 24.945454,
        "FG_PCT": 0.43980998992919923,
        "FG3_PCT": 0.38522428274154663,
        "FT_PCT": 0.8961000061035156,
        "REB": 2.4545455,
        "AST": 2.4363637,
        "STL": 0.4909091,
        "BLK": 0.14545454,
        "TOV": 1.2363636,
        "PTS": 14.272727,
        "EFF": null,
        "SOURCE": "ESPN",
        "SOURCE_URL": "https://www.espn.com/nba/player/stats/_/id/4351851/anfernee-simons"
      },
      "simulated": {
        "games": 330,
        "mins": 27.0515,
        "pts": 11.7576,
        "threeA": 4.1667,
        "threePct": 0.3636,
        "fta": 1.0576,
        "ftPct": 0.8309,
        "fgPct": 0.483
      }
    }
  ],
  "sameOvrGameImpact": {
    "low": {
      "ovr": 79,
      "offense": 71.5141,
      "defense": 73.9688,
      "margin": -1.9704,
      "firstThreeQuartersMargin": -1.45,
      "expectedMargin": -2.4057,
      "winPct": 0.4412
    },
    "high": {
      "ovr": 87,
      "offense": 84.3574,
      "defense": 77.2806,
      "margin": 1.71,
      "firstThreeQuartersMargin": 1.246,
      "expectedMargin": 1.9221,
      "winPct": 0.5316
    }
  },
  "clutchGameImpact": {
    "low": {
      "ovr": 82,
      "offense": 75.51,
      "defense": 75.86,
      "margin": 0.2016,
      "firstThreeQuartersMargin": -0.0304,
      "expectedMargin": 0,
      "winPct": 0.4996
    },
    "high": {
      "ovr": 86,
      "offense": 75.51,
      "defense": 75.86,
      "margin": 0.372,
      "firstThreeQuartersMargin": -0.0304,
      "expectedMargin": 0,
      "winPct": 0.5072
    }
  },
  "ftFormulaNeutral": [
    {
      "threeAndMid": 25,
      "freeThrowPct": 0.43
    },
    {
      "threeAndMid": 50,
      "freeThrowPct": 0.6023
    },
    {
      "threeAndMid": 75,
      "freeThrowPct": 0.7746
    },
    {
      "threeAndMid": 99,
      "freeThrowPct": 0.94
    }
  ],
  "injuryRates": [
    {
      "age": 22,
      "perGamePct": 0.65,
      "conditionalMajorPct": 0.4,
      "majorPerGamePct": 0.0026
    },
    {
      "age": 25,
      "perGamePct": 0.65,
      "conditionalMajorPct": 0.4,
      "majorPerGamePct": 0.0026
    },
    {
      "age": 26,
      "perGamePct": 0.7,
      "conditionalMajorPct": 0.7,
      "majorPerGamePct": 0.0049
    },
    {
      "age": 30,
      "perGamePct": 0.8,
      "conditionalMajorPct": 0.7,
      "majorPerGamePct": 0.0056
    },
    {
      "age": 34,
      "perGamePct": 1.4,
      "conditionalMajorPct": 1.1,
      "majorPerGamePct": 0.0154
    },
    {
      "age": 38,
      "perGamePct": 3.2,
      "conditionalMajorPct": 1.6,
      "majorPerGamePct": 0.0512
    }
  ],
  "surgery": {
    "remainingRegularGames": 4,
    "assignedInjuryGames": 32,
    "severity": "major",
    "canOfferPlayThrough": false,
    "injuryGamesAtPlayoffStart": 28
  },
  "concussion": {
    "severity": "medical",
    "canOfferPlayThrough": false
  },
  "annualAttributeDeltas": {
    "22": {
      "threePT": 0.396,
      "MID": 0.402,
      "FIN": 0.15,
      "DNK": 0.168,
      "HAN": 0.424,
      "PAS": 0.376,
      "PDEF": 0.166,
      "STL": 0.156,
      "IDEF": 0.146,
      "BLK": 0.166,
      "REB": 0.174,
      "ATH": 0.412,
      "STR": 0.164,
      "CLU": 0.156
    },
    "28": {
      "threePT": 0,
      "MID": 0,
      "FIN": 0,
      "DNK": 0,
      "HAN": 0,
      "PAS": 0,
      "PDEF": 0,
      "STL": 0,
      "IDEF": 0,
      "BLK": 0,
      "REB": 0,
      "ATH": 0,
      "STR": 0,
      "CLU": 0
    },
    "32": {
      "threePT": -0.364,
      "MID": -0.368,
      "FIN": -0.762,
      "DNK": -1.044,
      "HAN": -0.382,
      "PAS": -0.382,
      "PDEF": -1.042,
      "STL": -1.072,
      "IDEF": -0.736,
      "BLK": -0.744,
      "REB": -0.736,
      "ATH": -1.064,
      "STR": -1.052,
      "CLU": -0.36
    },
    "35": {
      "threePT": -0.74,
      "MID": -0.76,
      "FIN": -1.494,
      "DNK": -2.086,
      "HAN": -0.76,
      "PAS": -0.756,
      "PDEF": -2.08,
      "STL": -2.05,
      "IDEF": -1.558,
      "BLK": -1.55,
      "REB": -1.532,
      "ATH": -2.138,
      "STR": -2.046,
      "CLU": -0.734
    },
    "38": {
      "threePT": -1.102,
      "MID": -1.144,
      "FIN": -2.244,
      "DNK": -3.118,
      "HAN": -1.152,
      "PAS": -1.124,
      "PDEF": -3.198,
      "STL": -3.064,
      "IDEF": -2.202,
      "BLK": -2.234,
      "REB": -2.224,
      "ATH": -3.132,
      "STR": -3.154,
      "CLU": -1.094
    }
  },
  "playerStatComparisons": {
    "pts": {
      "count": 215,
      "meanError": -1.33,
      "meanAbsoluteError": 1.8852,
      "focus": [
        {
          "id": "P0156",
          "name": "Stephen Curry",
          "actual": 28.1496,
          "expected": 30.9345,
          "error": -2.785
        },
        {
          "id": "P0193",
          "name": "T.J. McConnell",
          "actual": 14.6479,
          "expected": 19.6262,
          "error": -4.9782
        },
        {
          "id": "P0350",
          "name": "Isaiah Hartenstein",
          "actual": 12.5415,
          "expected": 13.6781,
          "error": -1.1366
        },
        {
          "id": "P0382",
          "name": "Joel Embiid",
          "actual": 25.8864,
          "expected": 30.6045,
          "error": -4.7181
        },
        {
          "id": "P0419",
          "name": "Ja Morant",
          "actual": 26.2078,
          "expected": 24.6116,
          "error": 1.5962
        },
        {
          "id": "P0452",
          "name": "Victor Wembanyama",
          "actual": 27.3305,
          "expected": 30.8219,
          "error": -3.4914
        },
        {
          "id": "P0487",
          "name": "Lauri Markkanen",
          "actual": 24.9631,
          "expected": 28.0166,
          "error": -3.0535
        },
        {
          "id": "P0491",
          "name": "Jusuf Nurkic",
          "actual": 13.3085,
          "expected": 14.8587,
          "error": -1.5503
        }
      ],
      "largest": [
        {
          "id": "P0423",
          "name": "Scoot Henderson",
          "actual": 14.1623,
          "expected": 20.5508,
          "error": -6.3885
        },
        {
          "id": "P0495",
          "name": "Jaxson Hayes",
          "actual": 8.525,
          "expected": 14.7541,
          "error": -6.2291
        },
        {
          "id": "P0195",
          "name": "Obi Toppin",
          "actual": 17.9625,
          "expected": 23.6887,
          "error": -5.7261
        },
        {
          "id": "P0164",
          "name": "Gary Payton II",
          "actual": 11.757,
          "expected": 17.3077,
          "error": -5.5507
        },
        {
          "id": "P0425",
          "name": "Robert Williams III",
          "actual": 8.684,
          "expected": 14.1053,
          "error": -5.4213
        },
        {
          "id": "P0193",
          "name": "T.J. McConnell",
          "actual": 14.6479,
          "expected": 19.6262,
          "error": -4.9782
        },
        {
          "id": "P0384",
          "name": "Anfernee Simons",
          "actual": 15.6469,
          "expected": 20.5977,
          "error": -4.9508
        },
        {
          "id": "P0403",
          "name": "Collin Gillespie",
          "actual": 11.2882,
          "expected": 16.0421,
          "error": -4.7539
        }
      ]
    },
    "reb": {
      "count": 215,
      "meanError": -0.1019,
      "meanAbsoluteError": 0.894,
      "focus": [
        {
          "id": "P0156",
          "name": "Stephen Curry",
          "actual": 5.328,
          "expected": 4.1716,
          "error": 1.1565
        },
        {
          "id": "P0193",
          "name": "T.J. McConnell",
          "actual": 4.9779,
          "expected": 4.6355,
          "error": 0.3424
        },
        {
          "id": "P0350",
          "name": "Isaiah Hartenstein",
          "actual": 12.7159,
          "expected": 14.0264,
          "error": -1.3104
        },
        {
          "id": "P0382",
          "name": "Joel Embiid",
          "actual": 11.3999,
          "expected": 8.7827,
          "error": 2.6173
        },
        {
          "id": "P0419",
          "name": "Ja Morant",
          "actual": 3.5085,
          "expected": 4.1125,
          "error": -0.604
        },
        {
          "id": "P0452",
          "name": "Victor Wembanyama",
          "actual": 14.0493,
          "expected": 14.1781,
          "error": -0.1288
        },
        {
          "id": "P0487",
          "name": "Lauri Markkanen",
          "actual": 7.8332,
          "expected": 7.21,
          "error": 0.6233
        },
        {
          "id": "P0491",
          "name": "Jusuf Nurkic",
          "actual": 12.1403,
          "expected": 14.1274,
          "error": -1.9871
        }
      ],
      "largest": [
        {
          "id": "P0045",
          "name": "Mitchell Robinson",
          "actual": 11.6804,
          "expected": 16.1633,
          "error": -4.4828
        },
        {
          "id": "P0283",
          "name": "Kel'el Ware",
          "actual": 11.0415,
          "expected": 14.6606,
          "error": -3.6192
        },
        {
          "id": "P0511",
          "name": "Alex Sarr",
          "actual": 6.4508,
          "expected": 9.7931,
          "error": -3.3423
        },
        {
          "id": "P0425",
          "name": "Robert Williams III",
          "actual": 11.4314,
          "expected": 14.7368,
          "error": -3.3055
        },
        {
          "id": "P0421",
          "name": "Donovan Clingan",
          "actual": 12.1264,
          "expected": 15.3529,
          "error": -3.2265
        },
        {
          "id": "P0110",
          "name": "Daniel Gafford",
          "actual": 8.4465,
          "expected": 11.397,
          "error": -2.9505
        },
        {
          "id": "P0127",
          "name": "Marvin Bagley III",
          "actual": 8.0411,
          "expected": 10.98,
          "error": -2.9389
        },
        {
          "id": "P0475",
          "name": "Collin Murray-Boyles",
          "actual": 5.5344,
          "expected": 8.2343,
          "error": -2.7
        }
      ]
    },
    "ast": {
      "count": 215,
      "meanError": -0.1688,
      "meanAbsoluteError": 0.2948,
      "focus": [
        {
          "id": "P0156",
          "name": "Stephen Curry",
          "actual": 5.2514,
          "expected": 5.4989,
          "error": -0.2475
        },
        {
          "id": "P0193",
          "name": "T.J. McConnell",
          "actual": 8.5655,
          "expected": 10.729,
          "error": -2.1634
        },
        {
          "id": "P0350",
          "name": "Isaiah Hartenstein",
          "actual": 5.2464,
          "expected": 5.2559,
          "error": -0.0095
        },
        {
          "id": "P0382",
          "name": "Joel Embiid",
          "actual": 3.8283,
          "expected": 4.4963,
          "error": -0.6679
        },
        {
          "id": "P0419",
          "name": "Ja Morant",
          "actual": 8.4736,
          "expected": 10.1863,
          "error": -1.7127
        },
        {
          "id": "P0452",
          "name": "Victor Wembanyama",
          "actual": 3.5548,
          "expected": 3.8219,
          "error": -0.2671
        },
        {
          "id": "P0487",
          "name": "Lauri Markkanen",
          "actual": 2.2343,
          "expected": 2.2204,
          "error": 0.014
        },
        {
          "id": "P0491",
          "name": "Jusuf Nurkic",
          "actual": 5.9924,
          "expected": 6.5152,
          "error": -0.5228
        }
      ],
      "largest": [
        {
          "id": "P0193",
          "name": "T.J. McConnell",
          "actual": 8.5655,
          "expected": 10.729,
          "error": -2.1634
        },
        {
          "id": "P0192",
          "name": "Andrew Nembhard",
          "actual": 6.947,
          "expected": 8.8085,
          "error": -1.8615
        },
        {
          "id": "P0195",
          "name": "Obi Toppin",
          "actual": 2.9407,
          "expected": 4.6698,
          "error": -1.7291
        },
        {
          "id": "P0419",
          "name": "Ja Morant",
          "actual": 8.4736,
          "expected": 10.1863,
          "error": -1.7127
        },
        {
          "id": "P0490",
          "name": "Isaiah Collier",
          "actual": 8.8939,
          "expected": 10.0856,
          "error": -1.1917
        },
        {
          "id": "P0253",
          "name": "D'Angelo Russell",
          "actual": 6.4621,
          "expected": 7.5636,
          "error": -1.1016
        },
        {
          "id": "P0379",
          "name": "LeBron James",
          "actual": 6.7155,
          "expected": 7.8072,
          "error": -1.0917
        },
        {
          "id": "P0422",
          "name": "Jrue Holiday",
          "actual": 6.3572,
          "expected": 7.4308,
          "error": -1.0735
        }
      ]
    },
    "stl": {
      "count": 215,
      "meanError": -0.0896,
      "meanAbsoluteError": 0.3257,
      "focus": [
        {
          "id": "P0156",
          "name": "Stephen Curry",
          "actual": 1.1862,
          "expected": 1.3273,
          "error": -0.1411
        },
        {
          "id": "P0193",
          "name": "T.J. McConnell",
          "actual": 2.3519,
          "expected": 2.0935,
          "error": 0.2584
        },
        {
          "id": "P0350",
          "name": "Isaiah Hartenstein",
          "actual": 0.4138,
          "expected": 1.5198,
          "error": -1.106
        },
        {
          "id": "P0382",
          "name": "Joel Embiid",
          "actual": 0.5615,
          "expected": 0.6295,
          "error": -0.068
        },
        {
          "id": "P0419",
          "name": "Ja Morant",
          "actual": 1.1101,
          "expected": 1.2654,
          "error": -0.1553
        },
        {
          "id": "P0452",
          "name": "Victor Wembanyama",
          "actual": 1.6381,
          "expected": 1.2329,
          "error": 0.4052
        },
        {
          "id": "P0487",
          "name": "Lauri Markkanen",
          "actual": 0.6849,
          "expected": 1.0478,
          "error": -0.3629
        },
        {
          "id": "P0491",
          "name": "Jusuf Nurkic",
          "actual": 1.1037,
          "expected": 1.7285,
          "error": -0.6249
        }
      ],
      "largest": [
        {
          "id": "P0271",
          "name": "Dru Smith",
          "actual": 1.7048,
          "expected": 3.092,
          "error": -1.3873
        },
        {
          "id": "P0350",
          "name": "Isaiah Hartenstein",
          "actual": 0.4138,
          "expected": 1.5198,
          "error": -1.106
        },
        {
          "id": "P0370",
          "name": "Goga Bitadze",
          "actual": 0.3365,
          "expected": 1.4211,
          "error": -1.0846
        },
        {
          "id": "P0500",
          "name": "Josh Okogie",
          "actual": 2.7201,
          "expected": 1.6552,
          "error": 1.0649
        },
        {
          "id": "P0387",
          "name": "Justin Edwards",
          "actual": 0.9172,
          "expected": 1.8824,
          "error": -0.9651
        },
        {
          "id": "P0399",
          "name": "Dillon Brooks",
          "actual": 2.1264,
          "expected": 1.2056,
          "error": 0.9208
        },
        {
          "id": "P0022",
          "name": "Day'Ron Sharpe",
          "actual": 1.3015,
          "expected": 2.1176,
          "error": -0.8162
        },
        {
          "id": "P0174",
          "name": "Amen Thompson",
          "actual": 2.247,
          "expected": 1.4439,
          "error": 0.8031
        }
      ]
    },
    "blk": {
      "count": 215,
      "meanError": -0.0929,
      "meanAbsoluteError": 0.221,
      "focus": [
        {
          "id": "P0156",
          "name": "Stephen Curry",
          "actual": 0.2499,
          "expected": 0.4605,
          "error": -0.2106
        },
        {
          "id": "P0193",
          "name": "T.J. McConnell",
          "actual": 0.4209,
          "expected": 0.3738,
          "error": 0.0471
        },
        {
          "id": "P0350",
          "name": "Isaiah Hartenstein",
          "actual": 0.9747,
          "expected": 1.1398,
          "error": -0.1651
        },
        {
          "id": "P0382",
          "name": "Joel Embiid",
          "actual": 1.2693,
          "expected": 1.3789,
          "error": -0.1095
        },
        {
          "id": "P0419",
          "name": "Ja Morant",
          "actual": 0.1648,
          "expected": 0.3796,
          "error": -0.2148
        },
        {
          "id": "P0452",
          "name": "Victor Wembanyama",
          "actual": 2.6848,
          "expected": 3.8219,
          "error": -1.1371
        },
        {
          "id": "P0487",
          "name": "Lauri Markkanen",
          "actual": 0.4267,
          "expected": 0.5239,
          "error": -0.0973
        },
        {
          "id": "P0491",
          "name": "Jusuf Nurkic",
          "actual": 0.5689,
          "expected": 0.7313,
          "error": -0.1624
        }
      ],
      "largest": [
        {
          "id": "P0452",
          "name": "Victor Wembanyama",
          "actual": 2.6848,
          "expected": 3.8219,
          "error": -1.1371
        },
        {
          "id": "P0511",
          "name": "Alex Sarr",
          "actual": 1.4915,
          "expected": 2.6207,
          "error": -1.1292
        },
        {
          "id": "P0249",
          "name": "Isaiah Stewart",
          "actual": 1.47,
          "expected": 2.5374,
          "error": -1.0675
        },
        {
          "id": "P0425",
          "name": "Robert Williams III",
          "actual": 2.1764,
          "expected": 3.1579,
          "error": -0.9815
        },
        {
          "id": "P0514",
          "name": "Deandre Ayton",
          "actual": 0.5201,
          "expected": 1.3235,
          "error": -0.8034
        },
        {
          "id": "P0099",
          "name": "Craig Porter Jr.",
          "actual": 0.4253,
          "expected": 1.2067,
          "error": -0.7814
        },
        {
          "id": "P0348",
          "name": "Chet Holmgren",
          "actual": 1.6128,
          "expected": 2.3668,
          "error": -0.754
        },
        {
          "id": "P0332",
          "name": "OG Anunoby",
          "actual": 1.4784,
          "expected": 0.759,
          "error": 0.7194
        }
      ]
    },
    "tov": {
      "count": 215,
      "meanError": -0.1347,
      "meanAbsoluteError": 0.3967,
      "focus": [
        {
          "id": "P0156",
          "name": "Stephen Curry",
          "actual": 2.5057,
          "expected": 3.2777,
          "error": -0.7719
        },
        {
          "id": "P0193",
          "name": "T.J. McConnell",
          "actual": 2.5797,
          "expected": 2.3925,
          "error": 0.1872
        },
        {
          "id": "P0350",
          "name": "Isaiah Hartenstein",
          "actual": 2.2607,
          "expected": 2.5963,
          "error": -0.3356
        },
        {
          "id": "P0382",
          "name": "Joel Embiid",
          "actual": 2.5046,
          "expected": 3.2673,
          "error": -0.7627
        },
        {
          "id": "P0419",
          "name": "Ja Morant",
          "actual": 2.9837,
          "expected": 4.4921,
          "error": -1.5084
        },
        {
          "id": "P0452",
          "name": "Victor Wembanyama",
          "actual": 2.5692,
          "expected": 2.9589,
          "error": -0.3897
        },
        {
          "id": "P0487",
          "name": "Lauri Markkanen",
          "actual": 2.3129,
          "expected": 1.5717,
          "error": 0.7412
        },
        {
          "id": "P0491",
          "name": "Jusuf Nurkic",
          "actual": 2.4159,
          "expected": 3.3573,
          "error": -0.9414
        }
      ],
      "largest": [
        {
          "id": "P0417",
          "name": "Deni Avdija",
          "actual": 2.3829,
          "expected": 4.1081,
          "error": -1.7252
        },
        {
          "id": "P0161",
          "name": "Draymond Green",
          "actual": 1.8576,
          "expected": 3.5345,
          "error": -1.6769
        },
        {
          "id": "P0423",
          "name": "Scoot Henderson",
          "actual": 1.8679,
          "expected": 3.5134,
          "error": -1.6454
        },
        {
          "id": "P0419",
          "name": "Ja Morant",
          "actual": 2.9837,
          "expected": 4.4921,
          "error": -1.5084
        },
        {
          "id": "P0420",
          "name": "Shaedon Sharpe",
          "actual": 2.1985,
          "expected": 3.5976,
          "error": -1.399
        },
        {
          "id": "P0512",
          "name": "Kyshawn George",
          "actual": 1.8947,
          "expected": 3.2351,
          "error": -1.3403
        },
        {
          "id": "P0380",
          "name": "Jaylen Brown",
          "actual": 2.5403,
          "expected": 3.7674,
          "error": -1.2272
        },
        {
          "id": "P0043",
          "name": "Payton Pritchard",
          "actual": 2.7539,
          "expected": 1.5556,
          "error": 1.1984
        }
      ]
    }
  },
  "generatedPlateaus": [
    {
      "pos": "PG",
      "profile": "playmaker",
      "before": 80,
      "after": 85
    },
    {
      "pos": "PG",
      "profile": "scoring_guard",
      "before": 84,
      "after": 89
    },
    {
      "pos": "SG",
      "profile": "perimeter_scorer",
      "before": 89,
      "after": 94
    },
    {
      "pos": "SG",
      "profile": "two_way_slasher",
      "before": 76,
      "after": 81
    },
    {
      "pos": "SF",
      "profile": "two_way_wing",
      "before": 80,
      "after": 85
    },
    {
      "pos": "SF",
      "profile": "point_forward",
      "before": 81,
      "after": 86
    },
    {
      "pos": "PF",
      "profile": "interior_forward",
      "before": 77,
      "after": 82
    },
    {
      "pos": "PF",
      "profile": "stretch_four",
      "before": 77,
      "after": 82
    },
    {
      "pos": "C",
      "profile": "rim_protector",
      "before": 94,
      "after": 99
    },
    {
      "pos": "C",
      "profile": "skilled_big",
      "before": 90,
      "after": 95
    }
  ],
  "roleBiasAcceptance": [
    {
      "metric": "pts",
      "id": "P0452",
      "name": "Victor Wembanyama",
      "actual": 27.3305,
      "expected": 30.8219,
      "error": -3.4914,
      "relativeError": 0.1133
    },
    {
      "metric": "ast",
      "id": "P0350",
      "name": "Isaiah Hartenstein",
      "actual": 5.2464,
      "expected": 5.2559,
      "error": -0.0095,
      "relativeError": 0.0018
    }
  ],
  "failureCount": 0,
  "failures": []
}
