{
  "seeds": 5,
  "checkpoints": [
    10,
    15,
    20,
    25,
    30,
    35
  ],
  "equilibriumCheckpoints": [
    20,
    25,
    30,
    35
  ],
  "summaries": [
    {
      "season": 10,
      "samples": 5,
      "count90": {
        "min": 24,
        "max": 29,
        "avg": 26.4
      },
      "count85": {
        "min": 88,
        "max": 94,
        "avg": 91.8
      },
      "maxOvr": {
        "min": 98,
        "max": 99,
        "avg": 98.8
      },
      "count99": {
        "min": 0,
        "max": 1,
        "avg": 0.8
      },
      "top35Under30": {
        "min": 16,
        "max": 18,
        "avg": 16.8
      },
      "top35Age30To34": {
        "min": 13,
        "max": 15,
        "avg": 13.8
      },
      "top35Age35Plus": {
        "min": 3,
        "max": 5,
        "avg": 4.4
      },
      "top35AverageAge": {
        "min": 29.89,
        "max": 30.43,
        "avg": 30.18
      }
    },
    {
      "season": 15,
      "samples": 5,
      "count90": {
        "min": 24,
        "max": 31,
        "avg": 26.8
      },
      "count85": {
        "min": 72,
        "max": 82,
        "avg": 77.4
      },
      "maxOvr": {
        "min": 95,
        "max": 97,
        "avg": 96.2
      },
      "count99": {
        "min": 0,
        "max": 0,
        "avg": 0
      },
      "top35Under30": {
        "min": 13,
        "max": 15,
        "avg": 14
      },
      "top35Age30To34": {
        "min": 15,
        "max": 18,
        "avg": 16.2
      },
      "top35Age35Plus": {
        "min": 4,
        "max": 6,
        "avg": 4.8
      },
      "top35AverageAge": {
        "min": 30.34,
        "max": 30.71,
        "avg": 30.55
      }
    },
    {
      "season": 20,
      "samples": 5,
      "count90": {
        "min": 20,
        "max": 30,
        "avg": 26.6
      },
      "count85": {
        "min": 66,
        "max": 76,
        "avg": 69.4
      },
      "maxOvr": {
        "min": 94,
        "max": 97,
        "avg": 95.2
      },
      "count99": {
        "min": 0,
        "max": 0,
        "avg": 0
      },
      "top35Under30": {
        "min": 14,
        "max": 16,
        "avg": 15
      },
      "top35Age30To34": {
        "min": 13,
        "max": 18,
        "avg": 15
      },
      "top35Age35Plus": {
        "min": 3,
        "max": 7,
        "avg": 5
      },
      "top35AverageAge": {
        "min": 30.03,
        "max": 30.74,
        "avg": 30.36
      }
    },
    {
      "season": 25,
      "samples": 5,
      "count90": {
        "min": 25,
        "max": 31,
        "avg": 27.8
      },
      "count85": {
        "min": 61,
        "max": 74,
        "avg": 68.8
      },
      "maxOvr": {
        "min": 94,
        "max": 96,
        "avg": 95.2
      },
      "count99": {
        "min": 0,
        "max": 0,
        "avg": 0
      },
      "top35Under30": {
        "min": 13,
        "max": 15,
        "avg": 14
      },
      "top35Age30To34": {
        "min": 15,
        "max": 19,
        "avg": 16.2
      },
      "top35Age35Plus": {
        "min": 3,
        "max": 6,
        "avg": 4.8
      },
      "top35AverageAge": {
        "min": 30.17,
        "max": 30.63,
        "avg": 30.39
      }
    },
    {
      "season": 30,
      "samples": 5,
      "count90": {
        "min": 23,
        "max": 28,
        "avg": 25.4
      },
      "count85": {
        "min": 65,
        "max": 70,
        "avg": 68.2
      },
      "maxOvr": {
        "min": 95,
        "max": 98,
        "avg": 96.4
      },
      "count99": {
        "min": 0,
        "max": 0,
        "avg": 0
      },
      "top35Under30": {
        "min": 13,
        "max": 17,
        "avg": 14.8
      },
      "top35Age30To34": {
        "min": 13,
        "max": 18,
        "avg": 15.4
      },
      "top35Age35Plus": {
        "min": 4,
        "max": 6,
        "avg": 4.8
      },
      "top35AverageAge": {
        "min": 30.06,
        "max": 30.51,
        "avg": 30.29
      }
    },
    {
      "season": 35,
      "samples": 5,
      "count90": {
        "min": 25,
        "max": 31,
        "avg": 27.6
      },
      "count85": {
        "min": 69,
        "max": 77,
        "avg": 71.6
      },
      "maxOvr": {
        "min": 95,
        "max": 97,
        "avg": 96
      },
      "count99": {
        "min": 0,
        "max": 0,
        "avg": 0
      },
      "top35Under30": {
        "min": 11,
        "max": 14,
        "avg": 12.4
      },
      "top35Age30To34": {
        "min": 15,
        "max": 18,
        "avg": 16.4
      },
      "top35Age35Plus": {
        "min": 5,
        "max": 7,
        "avg": 6.2
      },
      "top35AverageAge": {
        "min": 30.69,
        "max": 31.14,
        "avg": 30.91
      }
    }
  ],
  "seedsWith99Overflow": 0,
  "allowed99OverflowSeeds": 2,
  "failureCount": 0,
  "failures": []
}
