{
  "seeds": 5,
  "checkpoints": [
    10,
    15,
    20,
    25,
    30,
    35
  ],
  "equilibriumCheckpoints": [
    20,
    25,
    30,
    35
  ],
  "summaries": [
    {
      "season": 10,
      "samples": 5,
      "count90": {
        "min": 23,
        "max": 31,
        "avg": 27.6
      },
      "count85": {
        "min": 90,
        "max": 98,
        "avg": 92.6
      },
      "maxOvr": {
        "min": 97,
        "max": 99,
        "avg": 98
      },
      "count99": {
        "min": 0,
        "max": 1,
        "avg": 0.2
      },
      "top35Under30": {
        "min": 17,
        "max": 19,
        "avg": 18
      },
      "top35Age30To34": {
        "min": 13,
        "max": 15,
        "avg": 13.8
      },
      "top35Age35Plus": {
        "min": 2,
        "max": 4,
        "avg": 3.2
      },
      "top35AverageAge": {
        "min": 29.37,
        "max": 30.2,
        "avg": 29.77
      }
    },
    {
      "season": 15,
      "samples": 5,
      "count90": {
        "min": 29,
        "max": 36,
        "avg": 32.6
      },
      "count85": {
        "min": 72,
        "max": 87,
        "avg": 80
      },
      "maxOvr": {
        "min": 95,
        "max": 96,
        "avg": 95.2
      },
      "count99": {
        "min": 0,
        "max": 0,
        "avg": 0
      },
      "top35Under30": {
        "min": 14,
        "max": 16,
        "avg": 15.2
      },
      "top35Age30To34": {
        "min": 16,
        "max": 18,
        "avg": 17
      },
      "top35Age35Plus": {
        "min": 1,
        "max": 4,
        "avg": 2.8
      },
      "top35AverageAge": {
        "min": 29.77,
        "max": 30.66,
        "avg": 30.17
      }
    },
    {
      "season": 20,
      "samples": 5,
      "count90": {
        "min": 33,
        "max": 37,
        "avg": 35.2
      },
      "count85": {
        "min": 72,
        "max": 84,
        "avg": 77
      },
      "maxOvr": {
        "min": 94,
        "max": 96,
        "avg": 94.6
      },
      "count99": {
        "min": 0,
        "max": 0,
        "avg": 0
      },
      "top35Under30": {
        "min": 12,
        "max": 14,
        "avg": 13
      },
      "top35Age30To34": {
        "min": 16,
        "max": 18,
        "avg": 16.6
      },
      "top35Age35Plus": {
        "min": 5,
        "max": 6,
        "avg": 5.4
      },
      "top35AverageAge": {
        "min": 30.51,
        "max": 31,
        "avg": 30.78
      }
    },
    {
      "season": 25,
      "samples": 5,
      "count90": {
        "min": 32,
        "max": 39,
        "avg": 35
      },
      "count85": {
        "min": 71,
        "max": 80,
        "avg": 75.2
      },
      "maxOvr": {
        "min": 93,
        "max": 95,
        "avg": 94.2
      },
      "count99": {
        "min": 0,
        "max": 0,
        "avg": 0
      },
      "top35Under30": {
        "min": 12,
        "max": 17,
        "avg": 14.2
      },
      "top35Age30To34": {
        "min": 15,
        "max": 18,
        "avg": 16.2
      },
      "top35Age35Plus": {
        "min": 3,
        "max": 6,
        "avg": 4.6
      },
      "top35AverageAge": {
        "min": 29.8,
        "max": 30.91,
        "avg": 30.53
      }
    },
    {
      "season": 30,
      "samples": 5,
      "count90": {
        "min": 34,
        "max": 37,
        "avg": 35.2
      },
      "count85": {
        "min": 71,
        "max": 81,
        "avg": 74.8
      },
      "maxOvr": {
        "min": 94,
        "max": 95,
        "avg": 94.8
      },
      "count99": {
        "min": 0,
        "max": 0,
        "avg": 0
      },
      "top35Under30": {
        "min": 13,
        "max": 16,
        "avg": 14.2
      },
      "top35Age30To34": {
        "min": 17,
        "max": 19,
        "avg": 17.6
      },
      "top35Age35Plus": {
        "min": 0,
        "max": 5,
        "avg": 3.2
      },
      "top35AverageAge": {
        "min": 29.69,
        "max": 30.74,
        "avg": 30.39
      }
    },
    {
      "season": 35,
      "samples": 5,
      "count90": {
        "min": 28,
        "max": 39,
        "avg": 34.2
      },
      "count85": {
        "min": 71,
        "max": 81,
        "avg": 76.8
      },
      "maxOvr": {
        "min": 94,
        "max": 96,
        "avg": 95.2
      },
      "count99": {
        "min": 0,
        "max": 0,
        "avg": 0
      },
      "top35Under30": {
        "min": 12,
        "max": 16,
        "avg": 14
      },
      "top35Age30To34": {
        "min": 15,
        "max": 17,
        "avg": 16.2
      },
      "top35Age35Plus": {
        "min": 4,
        "max": 6,
        "avg": 4.8
      },
      "top35AverageAge": {
        "min": 30.09,
        "max": 30.94,
        "avg": 30.51
      }
    }
  ],
  "seedsWith99Overflow": 0,
  "allowed99OverflowSeeds": 2,
  "failureCount": 7,
  "failures": [
    "第 20 季 90+ 均值 35.2，目标 18–30",
    "第 20 季最高 OVR 均值 94.6，目标 95–99",
    "第 25 季 90+ 均值 35，目标 18–30",
    "第 25 季最高 OVR 均值 94.2，目标 95–99",
    "第 30 季 90+ 均值 35.2，目标 18–30",
    "第 30 季最高 OVR 均值 94.8，目标 95–99",
    "第 35 季 90+ 均值 34.2，目标 18–30"
  ]
}
