{
  "rotation240": true,
  "invalidRotationRejected": true,
  "invalidMinutesRejected": true,
  "invalidSimulationRejected": true,
  "nextStepStopsAtUserGame": true,
  "userRegularScheduleCount": 82,
  "winPercentageRanking": true,
  "homePattern": "H,H,A,A,H,A,H",
  "ownerEvaluationLabels": [
    "仍有机会",
    "低于预期",
    "超出预期",
    "达到预期"
  ],
  "deterministicDistinctSeeds": true,
  "oldSaveMigrated": true,
  "corruptSaveHandled": true,
  "tradeTargets": 20,
  "acceptedTradeExecuted": true,
  "twoForOneTradeExecuted": true,
  "oneForTwoTradeExecuted": true,
  "tradePackageValidation": true,
  "versionThreeTradeMigrated": true,
  "tradeInquiryOffers": 29,
  "tradeInquiryStateUntouched": true,
  "tradeInquiryValidation": true,
  "rejectedTradeBlocked": true,
  "postseasonTradeBlocked": true,
  "tradeHistoryRoundTrip": true,
  "regularGames": 1230,
  "playerStatRows": 300,
  "playoffGames": 89,
  "uniquePlayoffIds": true,
  "champion": "NYK",
  "sourceLeagueUnchanged": true,
  "playerStateUntouched": true,
  "managerSlotIsolation": true,
  "roundTrip": true
}
