{
  "method": {
    "engine": "default V2",
    "rosterPlayers": 525,
    "rosterSchedule": "Every unordered team pair, 12 matches, alternating home court",
    "availabilityAgeAssumption": 27,
    "pairedGamesPerVariant": 2500,
    "pairedRotation": "8 players x 30 minutes; seven unchanged players and one C under test",
    "statSnapshot": "scripts/data/player_semantic_calibration_v9.json; 2025-26 season",
    "scope": "Pure runtime probes; no browser UI or V1 statistical audit"
  },
  "ovrZeroWeights": {
    "PG": [],
    "SG": [],
    "SF": [],
    "PF": [],
    "C": []
  },
  "sameOvrCenter": [
    {
      "HAN": 25,
      "PDEF": 25,
      "STL": 25,
      "ovr": 79,
      "offense": 71.5141,
      "defense": 73.9688
    },
    {
      "HAN": 99,
      "PDEF": 99,
      "STL": 99,
      "ovr": 87,
      "offense": 84.3574,
      "defense": 77.2806
    }
  ],
  "topDefense": [
    {
      "team": "WAS",
      "name": "戴维斯",
      "ovr": 92,
      "offense": 80.9592,
      "defense": 93.6363
    },
    {
      "team": "MIA",
      "name": "阿德托昆博",
      "ovr": 95,
      "offense": 89.9996,
      "defense": 91.2848
    },
    {
      "team": "SAS",
      "name": "文班亚马",
      "ovr": 96,
      "offense": 76.7022,
      "defense": 87.7243
    },
    {
      "team": "CLE",
      "name": "莫布利",
      "ovr": 87,
      "offense": 75.7914,
      "defense": 87.4464
    },
    {
      "team": "POR",
      "name": "威廉姆斯",
      "ovr": 81,
      "offense": 70.8433,
      "defense": 86.0012
    },
    {
      "team": "DEN",
      "name": "约基奇",
      "ovr": 98,
      "offense": 92.7645,
      "defense": 84.5986
    },
    {
      "team": "MIN",
      "name": "戈贝尔",
      "ovr": 79,
      "offense": 62.6796,
      "defense": 83.7458
    },
    {
      "team": "NYK",
      "name": "德拉蒙德",
      "ovr": 81,
      "offense": 68.5576,
      "defense": 83.6261
    },
    {
      "team": "IND",
      "name": "祖巴茨",
      "ovr": 86,
      "offense": 68.9464,
      "defense": 83.1099
    },
    {
      "team": "DET",
      "name": "杜伦",
      "ovr": 86,
      "offense": 72.551,
      "defense": 83.0171
    },
    {
      "team": "BOS",
      "name": "罗宾逊",
      "ovr": 81,
      "offense": 64.4432,
      "defense": 82.575
    },
    {
      "team": "GSW",
      "name": "格林",
      "ovr": 80,
      "offense": 77.224,
      "defense": 82.2598
    },
    {
      "team": "HOU",
      "name": "卡佩拉",
      "ovr": 77,
      "offense": 63.8439,
      "defense": 81.8468
    },
    {
      "team": "PHI",
      "name": "恩比德",
      "ovr": 90,
      "offense": 76.1158,
      "defense": 81.7067
    },
    {
      "team": "HOU",
      "name": "亚当斯",
      "ovr": 79,
      "offense": 65.5199,
      "defense": 81.5634
    },
    {
      "team": "UTA",
      "name": "杰克逊",
      "ovr": 84,
      "offense": 74.1399,
      "defense": 81.1796
    },
    {
      "team": "MIA",
      "name": "阿德巴约",
      "ovr": 90,
      "offense": 77.246,
      "defense": 81.0852
    },
    {
      "team": "CLE",
      "name": "阿伦",
      "ovr": 88,
      "offense": 75.9576,
      "defense": 80.9359
    }
  ],
  "simulatedGames": 5220,
  "teamAverages": {
    "pts": 113.1721,
    "fta": 20.2319,
    "ftm": 16.0453,
    "fga": 86.0324,
    "fgm": 42.6384,
    "threeA": 34.0207,
    "threeM": 11.85,
    "orb": 8.7818,
    "pace": 101.204,
    "reb": 43.8522,
    "ast": 26.55,
    "stl": 8.8606,
    "blk": 4.2994,
    "tov": 15.5457,
    "ftPct": 0.7931,
    "fgPct": 0.4956,
    "threePct": 0.3483,
    "freeThrowRate": 0.2352
  },
  "invariantErrors": 0,
  "leaders": {
    "pts": [
      {
        "id": "P0347",
        "name": "亚历山大",
        "value": 31.6106,
        "mins": 33.7847,
        "maxPts": 74
      },
      {
        "id": "P0264",
        "name": "阿德托昆博",
        "value": 30.9594,
        "mins": 34.1688,
        "maxPts": 65
      },
      {
        "id": "P0040",
        "name": "塔图姆",
        "value": 30.8533,
        "mins": 33.5599,
        "maxPts": 66
      },
      {
        "id": "P0225",
        "name": "东契奇",
        "value": 30.695,
        "mins": 34.1701,
        "maxPts": 65
      },
      {
        "id": "P0471",
        "name": "伦纳德",
        "value": 29.3494,
        "mins": 34.3404,
        "maxPts": 74
      },
      {
        "id": "P0091",
        "name": "米切尔",
        "value": 28.7654,
        "mins": 33.4633,
        "maxPts": 63
      },
      {
        "id": "P0296",
        "name": "爱德华兹",
        "value": 28.5092,
        "mins": 33.4693,
        "maxPts": 62
      },
      {
        "id": "P0120",
        "name": "约基奇",
        "value": 27.8042,
        "mins": 34.4629,
        "maxPts": 71
      },
      {
        "id": "P0105",
        "name": "欧文",
        "value": 27.5736,
        "mins": 32.4509,
        "maxPts": 67
      },
      {
        "id": "P0189",
        "name": "哈利伯顿",
        "value": 27.1937,
        "mins": 32.8127,
        "maxPts": 59
      }
    ],
    "reb": [
      {
        "id": "P0452",
        "name": "文班亚马",
        "value": 12.6697,
        "mins": 33.6182,
        "maxPts": 53
      },
      {
        "id": "P0120",
        "name": "约基奇",
        "value": 12.2374,
        "mins": 34.4629,
        "maxPts": 71
      },
      {
        "id": "P0264",
        "name": "阿德托昆博",
        "value": 11.6969,
        "mins": 34.1688,
        "maxPts": 65
      },
      {
        "id": "P0331",
        "name": "唐斯",
        "value": 11.4595,
        "mins": 32.4234,
        "maxPts": 40
      },
      {
        "id": "P0509",
        "name": "戴维斯",
        "value": 10.9627,
        "mins": 33.1708,
        "maxPts": 45
      },
      {
        "id": "P0350",
        "name": "哈尔滕施泰因",
        "value": 10.8441,
        "mins": 31.0029,
        "maxPts": 23
      },
      {
        "id": "P0001",
        "name": "约翰逊",
        "value": 10.6212,
        "mins": 32.8061,
        "maxPts": 59
      },
      {
        "id": "P0191",
        "name": "祖巴茨",
        "value": 10.5875,
        "mins": 31.4214,
        "maxPts": 28
      },
      {
        "id": "P0434",
        "name": "萨博尼斯",
        "value": 10.4198,
        "mins": 32.0895,
        "maxPts": 31
      },
      {
        "id": "P0243",
        "name": "埃迪",
        "value": 10.3827,
        "mins": 31.1265,
        "maxPts": 25
      }
    ],
    "ast": [
      {
        "id": "P0120",
        "name": "约基奇",
        "value": 9.6825,
        "mins": 34.4629,
        "maxPts": 71
      },
      {
        "id": "P0076",
        "name": "吉迪",
        "value": 8.7025,
        "mins": 32.138,
        "maxPts": 57
      },
      {
        "id": "P0138",
        "name": "坎宁安",
        "value": 8.3453,
        "mins": 33.1321,
        "maxPts": 63
      },
      {
        "id": "P0510",
        "name": "杨",
        "value": 8.1953,
        "mins": 31.9083,
        "maxPts": 54
      },
      {
        "id": "P0225",
        "name": "东契奇",
        "value": 7.5689,
        "mins": 34.1701,
        "maxPts": 65
      },
      {
        "id": "P0490",
        "name": "科利尔",
        "value": 7.5423,
        "mins": 31.0204,
        "maxPts": 31
      },
      {
        "id": "P0189",
        "name": "哈利伯顿",
        "value": 7.4444,
        "mins": 32.8127,
        "maxPts": 59
      },
      {
        "id": "P0419",
        "name": "莫兰特",
        "value": 7.3506,
        "mins": 32.0195,
        "maxPts": 45
      },
      {
        "id": "P0297",
        "name": "鲍尔",
        "value": 7.2955,
        "mins": 31.8925,
        "maxPts": 56
      },
      {
        "id": "P0453",
        "name": "卡斯尔",
        "value": 7.0415,
        "mins": 31.5074,
        "maxPts": 61
      }
    ],
    "stl": [
      {
        "id": "P0003",
        "name": "丹尼尔斯",
        "value": 2.9527,
        "mins": 31.6243,
        "maxPts": 28
      },
      {
        "id": "P0471",
        "name": "伦纳德",
        "value": 2.7078,
        "mins": 34.3404,
        "maxPts": 74
      },
      {
        "id": "P0139",
        "name": "汤普森",
        "value": 2.6452,
        "mins": 31.4487,
        "maxPts": 33
      },
      {
        "id": "P0042",
        "name": "乔治",
        "value": 2.5091,
        "mins": 31.9665,
        "maxPts": 58
      },
      {
        "id": "P0027",
        "name": "埃利斯",
        "value": 2.4579,
        "mins": 30.9128,
        "maxPts": 22
      },
      {
        "id": "P0316",
        "name": "默里",
        "value": 2.3607,
        "mins": 31.9062,
        "maxPts": 32
      },
      {
        "id": "P0366",
        "name": "萨格斯",
        "value": 2.3293,
        "mins": 28.7073,
        "maxPts": 37
      },
      {
        "id": "P0332",
        "name": "阿奴诺比",
        "value": 2.2857,
        "mins": 30.9429,
        "maxPts": 42
      },
      {
        "id": "P0231",
        "name": "范德比尔特",
        "value": 2.264,
        "mins": 30.146,
        "maxPts": 16
      },
      {
        "id": "P0174",
        "name": "汤普森",
        "value": 2.2616,
        "mins": 32.3835,
        "maxPts": 39
      }
    ],
    "blk": [
      {
        "id": "P0452",
        "name": "文班亚马",
        "value": 2.2879,
        "mins": 33.6182,
        "maxPts": 53
      },
      {
        "id": "P0425",
        "name": "威廉姆斯",
        "value": 1.792,
        "mins": 30.7523,
        "maxPts": 16
      },
      {
        "id": "P0489",
        "name": "杰克逊",
        "value": 1.7013,
        "mins": 31.9329,
        "maxPts": 42
      },
      {
        "id": "P0227",
        "name": "凯斯勒",
        "value": 1.6945,
        "mins": 31.6013,
        "maxPts": 26
      },
      {
        "id": "P0092",
        "name": "莫布利",
        "value": 1.5884,
        "mins": 32.375,
        "maxPts": 35
      },
      {
        "id": "P0509",
        "name": "戴维斯",
        "value": 1.5621,
        "mins": 33.1708,
        "maxPts": 45
      },
      {
        "id": "P0472",
        "name": "巴恩斯",
        "value": 1.5611,
        "mins": 33.047,
        "maxPts": 53
      },
      {
        "id": "P0045",
        "name": "罗宾逊",
        "value": 1.5234,
        "mins": 31.0936,
        "maxPts": 18
      },
      {
        "id": "P0348",
        "name": "霍姆格伦",
        "value": 1.5141,
        "mins": 31.1317,
        "maxPts": 31
      },
      {
        "id": "P0285",
        "name": "特纳",
        "value": 1.5074,
        "mins": 30.6283,
        "maxPts": 28
      }
    ],
    "tov": [
      {
        "id": "P0138",
        "name": "坎宁安",
        "value": 4.2132,
        "mins": 33.1321,
        "maxPts": 63
      },
      {
        "id": "P0264",
        "name": "阿德托昆博",
        "value": 4.0719,
        "mins": 34.1688,
        "maxPts": 65
      },
      {
        "id": "P0225",
        "name": "东契奇",
        "value": 4.0645,
        "mins": 34.1701,
        "maxPts": 65
      },
      {
        "id": "P0105",
        "name": "欧文",
        "value": 3.954,
        "mins": 32.4509,
        "maxPts": 67
      },
      {
        "id": "P0076",
        "name": "吉迪",
        "value": 3.8804,
        "mins": 32.138,
        "maxPts": 57
      },
      {
        "id": "P0436",
        "name": "威斯布鲁克",
        "value": 3.8502,
        "mins": 31.6636,
        "maxPts": 42
      },
      {
        "id": "P0120",
        "name": "约基奇",
        "value": 3.8338,
        "mins": 34.4629,
        "maxPts": 71
      },
      {
        "id": "P0060",
        "name": "怀特",
        "value": 3.7649,
        "mins": 31.2679,
        "maxPts": 51
      },
      {
        "id": "P0189",
        "name": "哈利伯顿",
        "value": 3.6127,
        "mins": 32.8127,
        "maxPts": 59
      },
      {
        "id": "P0297",
        "name": "鲍尔",
        "value": 3.591,
        "mins": 31.8925,
        "maxPts": 56
      }
    ]
  },
  "playerExamples": [
    {
      "id": "P0078",
      "team": "CHI",
      "name": "克拉克斯顿",
      "threePT": 64,
      "MID": 69,
      "ovr": 81,
      "offense": 69.2318,
      "defense": 76.5714,
      "snapshot": {
        "PLAYER_ID": 1629651,
        "PLAYER": "Nic Claxton",
        "TEAM": "BKN",
        "GP": 69,
        "MIN": 27.8,
        "FG_PCT": 0.571,
        "FG3_PCT": 0.158,
        "FT_PCT": 0.616,
        "REB": 6.9,
        "AST": 3.7,
        "STL": 0.7,
        "BLK": 1.1,
        "TOV": 1.4,
        "PTS": 11.7,
        "EFF": 17.8,
        "SOURCE": "NBA",
        "SOURCE_URL": "https://www.nba.com/stats/player/1629651"
      },
      "simulated": {
        "games": 335,
        "mins": 31.2925,
        "pts": 12.4149,
        "threeA": 0.0448,
        "threePct": 0.0667,
        "fta": 2.5701,
        "ftPct": 0.7317,
        "fgPct": 0.6035
      }
    },
    {
      "id": "P0120",
      "team": "DEN",
      "name": "约基奇",
      "threePT": 86,
      "MID": 98,
      "ovr": 98,
      "offense": 92.7645,
      "defense": 84.5986,
      "snapshot": {
        "PLAYER_ID": 203999,
        "PLAYER": "Nikola Jokić",
        "TEAM": "DEN",
        "GP": 65,
        "MIN": 34.8,
        "FG_PCT": 0.569,
        "FG3_PCT": 0.38,
        "FT_PCT": 0.831,
        "REB": 12.9,
        "AST": 10.7,
        "STL": 1.4,
        "BLK": 0.8,
        "TOV": 3.7,
        "PTS": 27.7,
        "EFF": 41,
        "SOURCE": "NBA",
        "SOURCE_URL": "https://www.nba.com/stats/player/203999"
      },
      "simulated": {
        "games": 337,
        "mins": 34.4629,
        "pts": 27.8042,
        "threeA": 8.7804,
        "threePct": 0.3843,
        "fta": 5.6291,
        "ftPct": 0.8946,
        "fgPct": 0.5109
      }
    },
    {
      "id": "P0156",
      "team": "GSW",
      "name": "库里",
      "threePT": 97,
      "MID": 97,
      "ovr": 91,
      "offense": 96.0487,
      "defense": 61.7909,
      "snapshot": {
        "PLAYER_ID": null,
        "PLAYER": "Stephen Curry",
        "TEAM": "GS",
        "GP": 43,
        "MIN": 30.906977,
        "FG_PCT": 0.46808998107910155,
        "FG3_PCT": 0.39256197214126587,
        "FT_PCT": 0.9230799865722656,
        "REB": 3.5813954,
        "AST": 4.72093,
        "STL": 1.1395348,
        "BLK": 0.39534885,
        "TOV": 2.8139534,
        "PTS": 26.55814,
        "EFF": null,
        "SOURCE": "ESPN",
        "SOURCE_URL": "https://www.espn.com/nba/player/stats/_/id/3975/stephen-curry"
      },
      "simulated": {
        "games": 329,
        "mins": 33.0395,
        "pts": 24.845,
        "threeA": 9.7295,
        "threePct": 0.4067,
        "fta": 4.2553,
        "ftPct": 0.9157,
        "fgPct": 0.4688
      }
    },
    {
      "id": "P0167",
      "team": "GSW",
      "name": "库里",
      "threePT": 89,
      "MID": 95,
      "ovr": 73,
      "offense": 78.1407,
      "defense": 54.0455,
      "snapshot": {
        "PLAYER_ID": null,
        "PLAYER": "Seth Curry",
        "TEAM": "GS",
        "GP": 10,
        "MIN": 13.3,
        "FG_PCT": 0.4897999954223633,
        "FG3_PCT": 0.47999998927116394,
        "FT_PCT": 0.9166699981689453,
        "REB": 1.2,
        "AST": 1,
        "STL": 0.3,
        "BLK": 0,
        "TOV": 0.2,
        "PTS": 7.1,
        "EFF": null,
        "SOURCE": "ESPN",
        "SOURCE_URL": "https://www.espn.com/nba/player/stats/_/id/2326307/seth-curry"
      },
      "simulated": {
        "games": 4,
        "mins": 6.75,
        "pts": 0.5,
        "threeA": 1,
        "threePct": 0,
        "fta": 0,
        "ftPct": null,
        "fgPct": 0.2
      }
    },
    {
      "id": "P0180",
      "team": "HOU",
      "name": "卡佩拉",
      "threePT": 28,
      "MID": 50,
      "ovr": 77,
      "offense": 63.8439,
      "defense": 81.8468,
      "snapshot": {
        "PLAYER_ID": 203991,
        "PLAYER": "Clint Capela",
        "TEAM": "HOU",
        "GP": 75,
        "MIN": 12.3,
        "FG_PCT": 0.52,
        "FG3_PCT": 0.5,
        "FT_PCT": 0.577,
        "REB": 4.6,
        "AST": 0.7,
        "STL": 0.5,
        "BLK": 0.8,
        "TOV": 0.5,
        "PTS": 3.8,
        "EFF": 7.9,
        "SOURCE": "NBA",
        "SOURCE_URL": "https://www.nba.com/stats/player/203991"
      },
      "simulated": {
        "games": 306,
        "mins": 12.0359,
        "pts": 2.8889,
        "threeA": 0.0229,
        "threePct": 0.1429,
        "fta": 0.7876,
        "ftPct": 0.5602,
        "fgPct": 0.6667
      }
    },
    {
      "id": "P0181",
      "team": "HOU",
      "name": "亚当斯",
      "threePT": 29,
      "MID": 65,
      "ovr": 79,
      "offense": 65.5199,
      "defense": 81.5634,
      "snapshot": {
        "PLAYER_ID": null,
        "PLAYER": "Steven Adams",
        "TEAM": "HOU",
        "GP": 32,
        "MIN": 22.8125,
        "FG_PCT": 0.5036000061035156,
        "FG3_PCT": 0,
        "FT_PCT": 0.580250015258789,
        "REB": 8.625,
        "AST": 1.5,
        "STL": 0.6875,
        "BLK": 0.625,
        "TOV": 1.09375,
        "PTS": 5.84375,
        "EFF": null,
        "SOURCE": "ESPN",
        "SOURCE_URL": "https://www.espn.com/nba/player/stats/_/id/2991235/steven-adams"
      },
      "simulated": {
        "games": 334,
        "mins": 28.6138,
        "pts": 7.2365,
        "threeA": 0.024,
        "threePct": 0.125,
        "fta": 2.3353,
        "ftPct": 0.6,
        "fgPct": 0.6467
      }
    },
    {
      "id": "P0265",
      "team": "MIA",
      "name": "阿德巴约",
      "threePT": 77,
      "MID": 88,
      "ovr": 90,
      "offense": 77.246,
      "defense": 81.0852,
      "snapshot": {
        "PLAYER_ID": 1628389,
        "PLAYER": "Bam Adebayo",
        "TEAM": "MIA",
        "GP": 73,
        "MIN": 32.4,
        "FG_PCT": 0.442,
        "FG3_PCT": 0.318,
        "FT_PCT": 0.778,
        "REB": 10,
        "AST": 3.2,
        "STL": 1.2,
        "BLK": 0.7,
        "TOV": 1.6,
        "PTS": 20.1,
        "EFF": 23.5,
        "SOURCE": "NBA",
        "SOURCE_URL": "https://www.nba.com/stats/player/1628389"
      },
      "simulated": {
        "games": 325,
        "mins": 33.1415,
        "pts": 21.4708,
        "threeA": 5.9692,
        "threePct": 0.332,
        "fta": 4.2154,
        "ftPct": 0.8161,
        "fgPct": 0.5127
      }
    },
    {
      "id": "P0298",
      "team": "MIN",
      "name": "戈贝尔",
      "threePT": 28,
      "MID": 54,
      "ovr": 79,
      "offense": 62.6796,
      "defense": 83.7458,
      "snapshot": {
        "PLAYER_ID": 203497,
        "PLAYER": "Rudy Gobert",
        "TEAM": "MIN",
        "GP": 76,
        "MIN": 31.3,
        "FG_PCT": 0.682,
        "FG3_PCT": 0,
        "FT_PCT": 0.526,
        "REB": 11.5,
        "AST": 1.7,
        "STL": 0.8,
        "BLK": 1.6,
        "TOV": 1.4,
        "PTS": 10.9,
        "EFF": 21.1,
        "SOURCE": "NBA",
        "SOURCE_URL": "https://www.nba.com/stats/player/203497"
      },
      "simulated": {
        "games": 317,
        "mins": 30.4038,
        "pts": 7.8738,
        "threeA": 0.0442,
        "threePct": 0.1429,
        "fta": 2.9621,
        "ftPct": 0.5069,
        "fgPct": 0.6664
      }
    },
    {
      "id": "P0339",
      "team": "NYK",
      "name": "德拉蒙德",
      "threePT": 50,
      "MID": 47,
      "ovr": 81,
      "offense": 68.5576,
      "defense": 83.6261,
      "snapshot": {
        "PLAYER_ID": 203083,
        "PLAYER": "Andre Drummond",
        "TEAM": "PHI",
        "GP": 63,
        "MIN": 19.5,
        "FG_PCT": 0.472,
        "FG3_PCT": 0.356,
        "FT_PCT": 0.631,
        "REB": 8.4,
        "AST": 1.3,
        "STL": 0.6,
        "BLK": 0.8,
        "TOV": 1,
        "PTS": 6.4,
        "EFF": 13.2,
        "SOURCE": "NBA",
        "SOURCE_URL": "https://www.nba.com/stats/player/203083"
      },
      "simulated": {
        "games": 312,
        "mins": 22.734,
        "pts": 7.7596,
        "threeA": 0.0481,
        "threePct": 0.4,
        "fta": 1.3814,
        "ftPct": 0.6009,
        "fgPct": 0.6642
      }
    },
    {
      "id": "P0353",
      "team": "OKC",
      "name": "卡鲁索",
      "threePT": 76,
      "MID": 82,
      "ovr": 81,
      "offense": 76.2877,
      "defense": 69.2912,
      "snapshot": {
        "PLAYER_ID": null,
        "PLAYER": "Alex Caruso",
        "TEAM": "OKC",
        "GP": 56,
        "MIN": 18.214285,
        "FG_PCT": 0.4233300018310547,
        "FG3_PCT": 0.2928176820278168,
        "FT_PCT": 0.8039199829101562,
        "REB": 2.767857,
        "AST": 1.9642857,
        "STL": 1.2857143,
        "BLK": 0.30357143,
        "TOV": 0.85714287,
        "PTS": 6.214286,
        "EFF": null,
        "SOURCE": "ESPN",
        "SOURCE_URL": "https://www.espn.com/nba/player/stats/_/id/2991350/alex-caruso"
      },
      "simulated": {
        "games": 340,
        "mins": 21.4765,
        "pts": 5.9853,
        "threeA": 1.8912,
        "threePct": 0.3344,
        "fta": 0.7912,
        "ftPct": 0.7732,
        "fgPct": 0.46
      }
    },
    {
      "id": "P0384",
      "team": "PHI",
      "name": "西蒙斯",
      "threePT": 82,
      "MID": 85,
      "ovr": 79,
      "offense": 80.6871,
      "defense": 56.4713,
      "snapshot": {
        "PLAYER_ID": null,
        "PLAYER": "Anfernee Simons",
        "TEAM": "PHI",
        "GP": 55,
        "MIN": 24.945454,
        "FG_PCT": 0.43980998992919923,
        "FG3_PCT": 0.38522428274154663,
        "FT_PCT": 0.8961000061035156,
        "REB": 2.4545455,
        "AST": 2.4363637,
        "STL": 0.4909091,
        "BLK": 0.14545454,
        "TOV": 1.2363636,
        "PTS": 14.272727,
        "EFF": null,
        "SOURCE": "ESPN",
        "SOURCE_URL": "https://www.espn.com/nba/player/stats/_/id/4351851/anfernee-simons"
      },
      "simulated": {
        "games": 332,
        "mins": 26.8012,
        "pts": 12.1145,
        "threeA": 4.3494,
        "threePct": 0.3767,
        "fta": 0.8946,
        "ftPct": 0.8552,
        "fgPct": 0.4994
      }
    }
  ],
  "sameOvrGameImpact": {
    "low": {
      "ovr": 79,
      "offense": 71.5141,
      "defense": 73.9688,
      "margin": -1.9704,
      "firstThreeQuartersMargin": -1.45,
      "expectedMargin": -2.4057,
      "winPct": 0.4412
    },
    "high": {
      "ovr": 87,
      "offense": 84.3574,
      "defense": 77.2806,
      "margin": 1.71,
      "firstThreeQuartersMargin": 1.246,
      "expectedMargin": 1.9221,
      "winPct": 0.5316
    }
  },
  "clutchGameImpact": {
    "low": {
      "ovr": 82,
      "offense": 75.51,
      "defense": 75.86,
      "margin": 0.2016,
      "firstThreeQuartersMargin": -0.0304,
      "expectedMargin": 0,
      "winPct": 0.4996
    },
    "high": {
      "ovr": 86,
      "offense": 75.51,
      "defense": 75.86,
      "margin": 0.372,
      "firstThreeQuartersMargin": -0.0304,
      "expectedMargin": 0,
      "winPct": 0.5072
    }
  },
  "ftFormulaNeutral": [
    {
      "threeAndMid": 25,
      "freeThrowPct": 0.43
    },
    {
      "threeAndMid": 50,
      "freeThrowPct": 0.6023
    },
    {
      "threeAndMid": 75,
      "freeThrowPct": 0.7746
    },
    {
      "threeAndMid": 99,
      "freeThrowPct": 0.94
    }
  ],
  "injuryRates": [
    {
      "age": 22,
      "perGamePct": 0.65,
      "conditionalMajorPct": 0.4,
      "majorPerGamePct": 0.0026
    },
    {
      "age": 25,
      "perGamePct": 0.65,
      "conditionalMajorPct": 0.4,
      "majorPerGamePct": 0.0026
    },
    {
      "age": 26,
      "perGamePct": 0.7,
      "conditionalMajorPct": 0.7,
      "majorPerGamePct": 0.0049
    },
    {
      "age": 30,
      "perGamePct": 0.8,
      "conditionalMajorPct": 0.7,
      "majorPerGamePct": 0.0056
    },
    {
      "age": 34,
      "perGamePct": 1.4,
      "conditionalMajorPct": 1.1,
      "majorPerGamePct": 0.0154
    },
    {
      "age": 38,
      "perGamePct": 3.2,
      "conditionalMajorPct": 1.6,
      "majorPerGamePct": 0.0512
    }
  ],
  "surgery": {
    "remainingRegularGames": 4,
    "assignedInjuryGames": 32,
    "severity": "major",
    "canOfferPlayThrough": false,
    "injuryGamesAtPlayoffStart": 28
  },
  "concussion": {
    "severity": "medical",
    "canOfferPlayThrough": false
  },
  "annualAttributeDeltas": {
    "22": {
      "threePT": 0.396,
      "MID": 0.402,
      "FIN": 0.15,
      "DNK": 0.168,
      "HAN": 0.424,
      "PAS": 0.376,
      "PDEF": 0.166,
      "STL": 0.156,
      "IDEF": 0.146,
      "BLK": 0.166,
      "REB": 0.174,
      "ATH": 0.412,
      "STR": 0.164,
      "CLU": 0.156
    },
    "28": {
      "threePT": 0,
      "MID": 0,
      "FIN": 0,
      "DNK": 0,
      "HAN": 0,
      "PAS": 0,
      "PDEF": 0,
      "STL": 0,
      "IDEF": 0,
      "BLK": 0,
      "REB": 0,
      "ATH": 0,
      "STR": 0,
      "CLU": 0
    },
    "32": {
      "threePT": -0.364,
      "MID": -0.368,
      "FIN": -0.762,
      "DNK": -1.044,
      "HAN": -0.382,
      "PAS": -0.382,
      "PDEF": -1.042,
      "STL": -1.072,
      "IDEF": -0.736,
      "BLK": -0.744,
      "REB": -0.736,
      "ATH": -1.064,
      "STR": -1.052,
      "CLU": -0.36
    },
    "35": {
      "threePT": -0.74,
      "MID": -0.76,
      "FIN": -1.494,
      "DNK": -2.086,
      "HAN": -0.76,
      "PAS": -0.756,
      "PDEF": -2.08,
      "STL": -2.05,
      "IDEF": -1.558,
      "BLK": -1.55,
      "REB": -1.532,
      "ATH": -2.138,
      "STR": -2.046,
      "CLU": -0.734
    },
    "38": {
      "threePT": -1.102,
      "MID": -1.144,
      "FIN": -2.244,
      "DNK": -3.118,
      "HAN": -1.152,
      "PAS": -1.124,
      "PDEF": -3.198,
      "STL": -3.064,
      "IDEF": -2.202,
      "BLK": -2.234,
      "REB": -2.224,
      "ATH": -3.132,
      "STR": -3.154,
      "CLU": -1.094
    }
  },
  "playerStatComparisons": {
    "pts": {
      "count": 215,
      "meanError": -1.7113,
      "meanAbsoluteError": 2.0745,
      "focus": [
        {
          "id": "P0156",
          "name": "Stephen Curry",
          "actual": 27.0712,
          "expected": 30.9345,
          "error": -3.8633
        },
        {
          "id": "P0193",
          "name": "T.J. McConnell",
          "actual": 14.8066,
          "expected": 19.6262,
          "error": -4.8196
        },
        {
          "id": "P0350",
          "name": "Isaiah Hartenstein",
          "actual": 12.3973,
          "expected": 13.6781,
          "error": -1.2808
        },
        {
          "id": "P0382",
          "name": "Joel Embiid",
          "actual": 25.3626,
          "expected": 30.6045,
          "error": -5.2419
        },
        {
          "id": "P0419",
          "name": "Ja Morant",
          "actual": 23.0959,
          "expected": 24.6116,
          "error": -1.5157
        },
        {
          "id": "P0452",
          "name": "Victor Wembanyama",
          "actual": 27.8843,
          "expected": 30.8219,
          "error": -2.9377
        },
        {
          "id": "P0487",
          "name": "Lauri Markkanen",
          "actual": 24.5175,
          "expected": 28.0166,
          "error": -3.4992
        },
        {
          "id": "P0491",
          "name": "Jusuf Nurkic",
          "actual": 13.758,
          "expected": 14.8587,
          "error": -1.1007
        }
      ],
      "largest": [
        {
          "id": "P0495",
          "name": "Jaxson Hayes",
          "actual": 8.0311,
          "expected": 14.7541,
          "error": -6.723
        },
        {
          "id": "P0164",
          "name": "Gary Payton II",
          "actual": 11.1304,
          "expected": 17.3077,
          "error": -6.1773
        },
        {
          "id": "P0425",
          "name": "Robert Williams III",
          "actual": 8.0907,
          "expected": 14.1053,
          "error": -6.0146
        },
        {
          "id": "P0417",
          "name": "Deni Avdija",
          "actual": 20.2791,
          "expected": 26.1622,
          "error": -5.883
        },
        {
          "id": "P0422",
          "name": "Jrue Holiday",
          "actual": 14.1791,
          "expected": 19.9615,
          "error": -5.7825
        },
        {
          "id": "P0230",
          "name": "Sandro Mamukelashvili",
          "actual": 12.7074,
          "expected": 18.411,
          "error": -5.7035
        },
        {
          "id": "P0381",
          "name": "Tyrese Maxey",
          "actual": 21.3505,
          "expected": 26.8105,
          "error": -5.46
        },
        {
          "id": "P0195",
          "name": "Obi Toppin",
          "actual": 18.3753,
          "expected": 23.6887,
          "error": -5.3133
        }
      ]
    },
    "reb": {
      "count": 215,
      "meanError": -0.2592,
      "meanAbsoluteError": 0.9318,
      "focus": [
        {
          "id": "P0156",
          "name": "Stephen Curry",
          "actual": 5.2129,
          "expected": 4.1716,
          "error": 1.0413
        },
        {
          "id": "P0193",
          "name": "T.J. McConnell",
          "actual": 5.0939,
          "expected": 4.6355,
          "error": 0.4584
        },
        {
          "id": "P0350",
          "name": "Isaiah Hartenstein",
          "actual": 12.592,
          "expected": 14.0264,
          "error": -1.4344
        },
        {
          "id": "P0382",
          "name": "Joel Embiid",
          "actual": 11.0634,
          "expected": 8.7827,
          "error": 2.2807
        },
        {
          "id": "P0419",
          "name": "Ja Morant",
          "actual": 3.4679,
          "expected": 4.1125,
          "error": -0.6446
        },
        {
          "id": "P0452",
          "name": "Victor Wembanyama",
          "actual": 13.5673,
          "expected": 14.1781,
          "error": -0.6107
        },
        {
          "id": "P0487",
          "name": "Lauri Markkanen",
          "actual": 7.9058,
          "expected": 7.21,
          "error": 0.6958
        },
        {
          "id": "P0491",
          "name": "Jusuf Nurkic",
          "actual": 11.2541,
          "expected": 14.1274,
          "error": -2.8734
        }
      ],
      "largest": [
        {
          "id": "P0045",
          "name": "Mitchell Robinson",
          "actual": 10.9144,
          "expected": 16.1633,
          "error": -5.2488
        },
        {
          "id": "P0425",
          "name": "Robert Williams III",
          "actual": 10.7971,
          "expected": 14.7368,
          "error": -3.9397
        },
        {
          "id": "P0421",
          "name": "Donovan Clingan",
          "actual": 11.6016,
          "expected": 15.3529,
          "error": -3.7514
        },
        {
          "id": "P0511",
          "name": "Alex Sarr",
          "actual": 6.2921,
          "expected": 9.7931,
          "error": -3.501
        },
        {
          "id": "P0283",
          "name": "Kel'el Ware",
          "actual": 11.2401,
          "expected": 14.6606,
          "error": -3.4205
        },
        {
          "id": "P0127",
          "name": "Marvin Bagley III",
          "actual": 7.7865,
          "expected": 10.98,
          "error": -3.1935
        },
        {
          "id": "P0491",
          "name": "Jusuf Nurkic",
          "actual": 11.2541,
          "expected": 14.1274,
          "error": -2.8734
        },
        {
          "id": "P0110",
          "name": "Daniel Gafford",
          "actual": 8.5267,
          "expected": 11.397,
          "error": -2.8703
        }
      ]
    },
    "ast": {
      "count": 215,
      "meanError": -0.2539,
      "meanAbsoluteError": 0.339,
      "focus": [
        {
          "id": "P0156",
          "name": "Stephen Curry",
          "actual": 5.097,
          "expected": 5.4989,
          "error": -0.4019
        },
        {
          "id": "P0193",
          "name": "T.J. McConnell",
          "actual": 8.5833,
          "expected": 10.729,
          "error": -2.1457
        },
        {
          "id": "P0350",
          "name": "Isaiah Hartenstein",
          "actual": 5.3004,
          "expected": 5.2559,
          "error": 0.0445
        },
        {
          "id": "P0382",
          "name": "Joel Embiid",
          "actual": 4.0237,
          "expected": 4.4963,
          "error": -0.4726
        },
        {
          "id": "P0419",
          "name": "Ja Morant",
          "actual": 8.2644,
          "expected": 10.1863,
          "error": -1.9218
        },
        {
          "id": "P0452",
          "name": "Victor Wembanyama",
          "actual": 3.6247,
          "expected": 3.8219,
          "error": -0.1973
        },
        {
          "id": "P0487",
          "name": "Lauri Markkanen",
          "actual": 2.0141,
          "expected": 2.2204,
          "error": -0.2063
        },
        {
          "id": "P0491",
          "name": "Jusuf Nurkic",
          "actual": 5.6117,
          "expected": 6.5152,
          "error": -0.9036
        }
      ],
      "largest": [
        {
          "id": "P0193",
          "name": "T.J. McConnell",
          "actual": 8.5833,
          "expected": 10.729,
          "error": -2.1457
        },
        {
          "id": "P0419",
          "name": "Ja Morant",
          "actual": 8.2644,
          "expected": 10.1863,
          "error": -1.9218
        },
        {
          "id": "P0192",
          "name": "Andrew Nembhard",
          "actual": 7.0851,
          "expected": 8.8085,
          "error": -1.7235
        },
        {
          "id": "P0195",
          "name": "Obi Toppin",
          "actual": 3.0211,
          "expected": 4.6698,
          "error": -1.6487
        },
        {
          "id": "P0138",
          "name": "Cade Cunningham",
          "actual": 9.0677,
          "expected": 10.5133,
          "error": -1.4456
        },
        {
          "id": "P0417",
          "name": "Deni Avdija",
          "actual": 5.9033,
          "expected": 7.2432,
          "error": -1.34
        },
        {
          "id": "P0490",
          "name": "Isaiah Collier",
          "actual": 8.753,
          "expected": 10.0856,
          "error": -1.3326
        },
        {
          "id": "P0422",
          "name": "Jrue Holiday",
          "actual": 6.2846,
          "expected": 7.4308,
          "error": -1.1461
        }
      ]
    },
    "stl": {
      "count": 215,
      "meanError": 0.0758,
      "meanAbsoluteError": 0.3552,
      "focus": [
        {
          "id": "P0156",
          "name": "Stephen Curry",
          "actual": 1.2453,
          "expected": 1.3273,
          "error": -0.0821
        },
        {
          "id": "P0193",
          "name": "T.J. McConnell",
          "actual": 2.7534,
          "expected": 2.0935,
          "error": 0.6599
        },
        {
          "id": "P0350",
          "name": "Isaiah Hartenstein",
          "actual": 0.4303,
          "expected": 1.5198,
          "error": -1.0895
        },
        {
          "id": "P0382",
          "name": "Joel Embiid",
          "actual": 0.5511,
          "expected": 0.6295,
          "error": -0.0783
        },
        {
          "id": "P0419",
          "name": "Ja Morant",
          "actual": 1.2521,
          "expected": 1.2654,
          "error": -0.0133
        },
        {
          "id": "P0452",
          "name": "Victor Wembanyama",
          "actual": 1.6842,
          "expected": 1.2329,
          "error": 0.4513
        },
        {
          "id": "P0487",
          "name": "Lauri Markkanen",
          "actual": 0.7933,
          "expected": 1.0478,
          "error": -0.2545
        },
        {
          "id": "P0491",
          "name": "Jusuf Nurkic",
          "actual": 1.2144,
          "expected": 1.7285,
          "error": -0.5141
        }
      ],
      "largest": [
        {
          "id": "P0399",
          "name": "Dillon Brooks",
          "actual": 2.4005,
          "expected": 1.2056,
          "error": 1.1949
        },
        {
          "id": "P0003",
          "name": "Dyson Daniels",
          "actual": 3.3612,
          "expected": 2.1687,
          "error": 1.1925
        },
        {
          "id": "P0350",
          "name": "Isaiah Hartenstein",
          "actual": 0.4303,
          "expected": 1.5198,
          "error": -1.0895
        },
        {
          "id": "P0271",
          "name": "Dru Smith",
          "actual": 2.0082,
          "expected": 3.092,
          "error": -1.0838
        },
        {
          "id": "P0370",
          "name": "Goga Bitadze",
          "actual": 0.3434,
          "expected": 1.4211,
          "error": -1.0777
        },
        {
          "id": "P0174",
          "name": "Amen Thompson",
          "actual": 2.5142,
          "expected": 1.4439,
          "error": 1.0704
        },
        {
          "id": "P0231",
          "name": "Jarred Vanderbilt",
          "actual": 2.7036,
          "expected": 1.6552,
          "error": 1.0484
        },
        {
          "id": "P0178",
          "name": "Marcus Smart",
          "actual": 2.7123,
          "expected": 1.7684,
          "error": 0.9439
        }
      ]
    },
    "blk": {
      "count": 215,
      "meanError": -0.1168,
      "meanAbsoluteError": 0.232,
      "focus": [
        {
          "id": "P0156",
          "name": "Stephen Curry",
          "actual": 0.2948,
          "expected": 0.4605,
          "error": -0.1657
        },
        {
          "id": "P0193",
          "name": "T.J. McConnell",
          "actual": 0.3933,
          "expected": 0.3738,
          "error": 0.0195
        },
        {
          "id": "P0350",
          "name": "Isaiah Hartenstein",
          "actual": 0.8265,
          "expected": 1.1398,
          "error": -0.3134
        },
        {
          "id": "P0382",
          "name": "Joel Embiid",
          "actual": 1.2477,
          "expected": 1.3789,
          "error": -0.1312
        },
        {
          "id": "P0419",
          "name": "Ja Morant",
          "actual": 0.1935,
          "expected": 0.3796,
          "error": -0.1861
        },
        {
          "id": "P0452",
          "name": "Victor Wembanyama",
          "actual": 2.45,
          "expected": 3.8219,
          "error": -1.3719
        },
        {
          "id": "P0487",
          "name": "Lauri Markkanen",
          "actual": 0.4719,
          "expected": 0.5239,
          "error": -0.052
        },
        {
          "id": "P0491",
          "name": "Jusuf Nurkic",
          "actual": 0.5356,
          "expected": 0.7313,
          "error": -0.1957
        }
      ],
      "largest": [
        {
          "id": "P0452",
          "name": "Victor Wembanyama",
          "actual": 2.45,
          "expected": 3.8219,
          "error": -1.3719
        },
        {
          "id": "P0249",
          "name": "Isaiah Stewart",
          "actual": 1.3987,
          "expected": 2.5374,
          "error": -1.1387
        },
        {
          "id": "P0511",
          "name": "Alex Sarr",
          "actual": 1.5474,
          "expected": 2.6207,
          "error": -1.0733
        },
        {
          "id": "P0425",
          "name": "Robert Williams III",
          "actual": 2.0979,
          "expected": 3.1579,
          "error": -1.06
        },
        {
          "id": "P0063",
          "name": "Ryan Kalkbrenner",
          "actual": 1.6954,
          "expected": 2.5234,
          "error": -0.8279
        },
        {
          "id": "P0099",
          "name": "Craig Porter Jr.",
          "actual": 0.4257,
          "expected": 1.2067,
          "error": -0.781
        },
        {
          "id": "P0475",
          "name": "Collin Murray-Boyles",
          "actual": 0.7965,
          "expected": 1.5313,
          "error": -0.7348
        },
        {
          "id": "P0514",
          "name": "Deandre Ayton",
          "actual": 0.6122,
          "expected": 1.3235,
          "error": -0.7113
        }
      ]
    },
    "tov": {
      "count": 215,
      "meanError": 0.1234,
      "meanAbsoluteError": 0.2144,
      "focus": [
        {
          "id": "P0156",
          "name": "Stephen Curry",
          "actual": 3.4543,
          "expected": 3.2777,
          "error": 0.1766
        },
        {
          "id": "P0193",
          "name": "T.J. McConnell",
          "actual": 1.8732,
          "expected": 2.3925,
          "error": -0.5193
        },
        {
          "id": "P0350",
          "name": "Isaiah Hartenstein",
          "actual": 2.5785,
          "expected": 2.5963,
          "error": -0.0178
        },
        {
          "id": "P0382",
          "name": "Joel Embiid",
          "actual": 3.0228,
          "expected": 3.2673,
          "error": -0.2445
        },
        {
          "id": "P0419",
          "name": "Ja Morant",
          "actual": 3.9169,
          "expected": 4.4921,
          "error": -0.5752
        },
        {
          "id": "P0452",
          "name": "Victor Wembanyama",
          "actual": 3.0925,
          "expected": 2.9589,
          "error": 0.1336
        },
        {
          "id": "P0487",
          "name": "Lauri Markkanen",
          "actual": 1.7747,
          "expected": 1.5717,
          "error": 0.203
        },
        {
          "id": "P0491",
          "name": "Jusuf Nurkic",
          "actual": 3.3329,
          "expected": 3.3573,
          "error": -0.0244
        }
      ],
      "largest": [
        {
          "id": "P0020",
          "name": "Julius Randle",
          "actual": 3.7546,
          "expected": 2.9455,
          "error": 0.8091
        },
        {
          "id": "P0057",
          "name": "Brandon Miller",
          "actual": 3.7479,
          "expected": 2.9703,
          "error": 0.7776
        },
        {
          "id": "P0423",
          "name": "Scoot Henderson",
          "actual": 2.8428,
          "expected": 3.5134,
          "error": -0.6706
        },
        {
          "id": "P0471",
          "name": "Kawhi Leonard",
          "actual": 2.8987,
          "expected": 2.243,
          "error": 0.6557
        },
        {
          "id": "P0138",
          "name": "Cade Cunningham",
          "actual": 4.5779,
          "expected": 3.9292,
          "error": 0.6487
        },
        {
          "id": "P0022",
          "name": "Day'Ron Sharpe",
          "actual": 3.921,
          "expected": 3.2727,
          "error": 0.6483
        },
        {
          "id": "P0060",
          "name": "Coby White",
          "actual": 4.3347,
          "expected": 3.6864,
          "error": 0.6483
        },
        {
          "id": "P0419",
          "name": "Ja Morant",
          "actual": 3.9169,
          "expected": 4.4921,
          "error": -0.5752
        }
      ]
    }
  },
  "generatedPlateaus": [
    {
      "pos": "PG",
      "profile": "playmaker",
      "before": 80,
      "after": 85
    },
    {
      "pos": "PG",
      "profile": "scoring_guard",
      "before": 84,
      "after": 89
    },
    {
      "pos": "SG",
      "profile": "perimeter_scorer",
      "before": 89,
      "after": 94
    },
    {
      "pos": "SG",
      "profile": "two_way_slasher",
      "before": 76,
      "after": 81
    },
    {
      "pos": "SF",
      "profile": "two_way_wing",
      "before": 80,
      "after": 85
    },
    {
      "pos": "SF",
      "profile": "point_forward",
      "before": 81,
      "after": 86
    },
    {
      "pos": "PF",
      "profile": "interior_forward",
      "before": 77,
      "after": 82
    },
    {
      "pos": "PF",
      "profile": "stretch_four",
      "before": 77,
      "after": 82
    },
    {
      "pos": "C",
      "profile": "rim_protector",
      "before": 94,
      "after": 99
    },
    {
      "pos": "C",
      "profile": "skilled_big",
      "before": 90,
      "after": 95
    }
  ],
  "failureCount": 0,
  "failures": []
}
