{
  "mode": "statistical",
  "gamesPerOrientation": 5000,
  "report": [
    {
      "label": "基准",
      "games": 10000,
      "offenseGap": 0,
      "defenseGap": 0,
      "pregameAttackGap": 0,
      "pregameDefenseGap": 0,
      "rawMatchupEdge": 0,
      "projectedDirectEdge": 0,
      "eliteSkillMarginEdge": 0,
      "matchupEdge": 0,
      "rawRosterEdge": 0,
      "rosterEdge": 0,
      "rawStructureEdge": 0,
      "structureEdge": 0,
      "teamResidualMarginEdge": 0,
      "expectedMargin": 0,
      "estimatedWinRate": 50,
      "empiricalWinRate": 50.29,
      "averageMargin": -0.03,
      "invariantErrors": 0
    },
    {
      "label": "进攻 +5",
      "games": 10000,
      "offenseGap": 6.1,
      "defenseGap": 0,
      "pregameAttackGap": 0.067059,
      "pregameDefenseGap": 0,
      "rawMatchupEdge": 2.626,
      "projectedDirectEdge": 2.626,
      "eliteSkillMarginEdge": 0,
      "matchupEdge": 2.626,
      "rawRosterEdge": 4.251,
      "rosterEdge": 7.737,
      "rawStructureEdge": 0.752,
      "structureEdge": 0.489,
      "teamResidualMarginEdge": 8,
      "expectedMargin": 10.626,
      "estimatedWinRate": 73.43,
      "empiricalWinRate": 71.86,
      "averageMargin": 9.89,
      "invariantErrors": 0
    },
    {
      "label": "进攻 +10",
      "games": 10000,
      "offenseGap": 18.9728,
      "defenseGap": 0,
      "pregameAttackGap": 0.198598,
      "pregameDefenseGap": 0,
      "rawMatchupEdge": 5.763,
      "projectedDirectEdge": 5.763,
      "eliteSkillMarginEdge": 0,
      "matchupEdge": 5.763,
      "rawRosterEdge": 8.503,
      "rosterEdge": 8,
      "rawStructureEdge": 1.995,
      "structureEdge": 1.297,
      "teamResidualMarginEdge": 8,
      "expectedMargin": 13.763,
      "estimatedWinRate": 78.76,
      "empiricalWinRate": 78.18,
      "averageMargin": 13.22,
      "invariantErrors": 0
    },
    {
      "label": "进攻 +15",
      "games": 10000,
      "offenseGap": 23.2385,
      "defenseGap": 0,
      "pregameAttackGap": 0.233931,
      "pregameDefenseGap": 0,
      "rawMatchupEdge": 9.027,
      "projectedDirectEdge": 9.027,
      "eliteSkillMarginEdge": 0,
      "matchupEdge": 9.027,
      "rawRosterEdge": 11.296,
      "rosterEdge": 8,
      "rawStructureEdge": 2.888,
      "structureEdge": 1.877,
      "teamResidualMarginEdge": 8,
      "expectedMargin": 17.027,
      "estimatedWinRate": 83.62,
      "empiricalWinRate": 83.73,
      "averageMargin": 16.38,
      "invariantErrors": 0
    },
    {
      "label": "防守 +5",
      "games": 10000,
      "offenseGap": 0.0626,
      "defenseGap": 4.8624,
      "pregameAttackGap": 0.000626,
      "pregameDefenseGap": 0.048624,
      "rawMatchupEdge": 2.344,
      "projectedDirectEdge": 2.344,
      "eliteSkillMarginEdge": 0,
      "matchupEdge": 2.344,
      "rawRosterEdge": 1.549,
      "rosterEdge": 2.82,
      "rawStructureEdge": 0.646,
      "structureEdge": 0.42,
      "teamResidualMarginEdge": 3.24,
      "expectedMargin": 5.583,
      "estimatedWinRate": 62.97,
      "empiricalWinRate": 63.11,
      "averageMargin": 5.52,
      "invariantErrors": 0
    },
    {
      "label": "防守 +10",
      "games": 10000,
      "offenseGap": 0.1557,
      "defenseGap": 15.4366,
      "pregameAttackGap": 0.001557,
      "pregameDefenseGap": 0.154366,
      "rawMatchupEdge": 4.647,
      "projectedDirectEdge": 4.647,
      "eliteSkillMarginEdge": 0,
      "matchupEdge": 4.647,
      "rawRosterEdge": 3.099,
      "rosterEdge": 5.64,
      "rawStructureEdge": 1.76,
      "structureEdge": 1.144,
      "teamResidualMarginEdge": 6.784,
      "expectedMargin": 11.431,
      "estimatedWinRate": 74.79,
      "empiricalWinRate": 74.17,
      "averageMargin": 10.58,
      "invariantErrors": 0
    },
    {
      "label": "防守 +15",
      "games": 10000,
      "offenseGap": 0.6171,
      "defenseGap": 20.8414,
      "pregameAttackGap": 0.006171,
      "pregameDefenseGap": 0.208414,
      "rawMatchupEdge": 6.911,
      "projectedDirectEdge": 6.911,
      "eliteSkillMarginEdge": 0,
      "matchupEdge": 6.911,
      "rawRosterEdge": 4.648,
      "rosterEdge": 8,
      "rawStructureEdge": 2.864,
      "structureEdge": 1.861,
      "teamResidualMarginEdge": 8,
      "expectedMargin": 14.911,
      "estimatedWinRate": 80.5,
      "empiricalWinRate": 80.44,
      "averageMargin": 14.11,
      "invariantErrors": 0
    },
    {
      "label": "攻防同时 +10",
      "games": 10000,
      "offenseGap": 19.3188,
      "defenseGap": 15.4366,
      "pregameAttackGap": 0.202057,
      "pregameDefenseGap": 0.154366,
      "rawMatchupEdge": 10.521,
      "projectedDirectEdge": 10.521,
      "eliteSkillMarginEdge": 0,
      "matchupEdge": 10.521,
      "rawRosterEdge": 10.809,
      "rosterEdge": 8,
      "rawStructureEdge": 3.764,
      "structureEdge": 2.446,
      "teamResidualMarginEdge": 8,
      "expectedMargin": 18,
      "estimatedWinRate": 84.74,
      "empiricalWinRate": 86.05,
      "averageMargin": 18.33,
      "invariantErrors": 0
    }
  ],
  "archetypeReport": [
    {
      "label": "纯三分 +19",
      "games": 10000,
      "rawAttackGap": 8.4563,
      "pregameAttackGap": 14.9595,
      "pregameDefenseGap": 0,
      "rawMatchupEdge": 7.245,
      "projectedDirectEdge": 7.245,
      "eliteSkillMarginEdge": 0,
      "teamResidualMarginEdge": 7.697,
      "expectedMargin": 14.942,
      "estimatedWinRate": 80.55,
      "empiricalWinRate": 80.55,
      "averageMargin": 14.58,
      "invariantErrors": 0
    },
    {
      "label": "纯中投 +19",
      "games": 10000,
      "rawAttackGap": 3.1746,
      "pregameAttackGap": -1.1706,
      "pregameDefenseGap": 0,
      "rawMatchupEdge": 0.36,
      "projectedDirectEdge": 0.36,
      "eliteSkillMarginEdge": 0,
      "teamResidualMarginEdge": 3.868,
      "expectedMargin": 4.228,
      "estimatedWinRate": 59.94,
      "empiricalWinRate": 59.22,
      "averageMargin": 3.7,
      "invariantErrors": 0
    },
    {
      "label": "纯终结 +19",
      "games": 10000,
      "rawAttackGap": 5.3723,
      "pregameAttackGap": 6.6066,
      "pregameDefenseGap": 0,
      "rawMatchupEdge": 0.696,
      "projectedDirectEdge": 0.696,
      "eliteSkillMarginEdge": 0,
      "teamResidualMarginEdge": 8,
      "expectedMargin": 8.696,
      "estimatedWinRate": 69.65,
      "empiricalWinRate": 67.96,
      "averageMargin": 7.66,
      "invariantErrors": 0
    },
    {
      "label": "纯控球 +19",
      "games": 10000,
      "rawAttackGap": 10.6957,
      "pregameAttackGap": 9.5279,
      "pregameDefenseGap": 0,
      "rawMatchupEdge": 0.91,
      "projectedDirectEdge": 0.91,
      "eliteSkillMarginEdge": 0,
      "teamResidualMarginEdge": 3.928,
      "expectedMargin": 4.838,
      "estimatedWinRate": 61.26,
      "empiricalWinRate": 60.02,
      "averageMargin": 4.35,
      "invariantErrors": 0
    },
    {
      "label": "纯传球 +19",
      "games": 10000,
      "rawAttackGap": 8.9383,
      "pregameAttackGap": 10.277,
      "pregameDefenseGap": 0,
      "rawMatchupEdge": 1.109,
      "projectedDirectEdge": 1.109,
      "eliteSkillMarginEdge": 0,
      "teamResidualMarginEdge": 4.401,
      "expectedMargin": 5.51,
      "estimatedWinRate": 62.89,
      "empiricalWinRate": 62.59,
      "averageMargin": 5.19,
      "invariantErrors": 0
    },
    {
      "label": "纯外防 +19",
      "games": 10000,
      "rawAttackGap": 0,
      "pregameAttackGap": 0,
      "pregameDefenseGap": 0.009733,
      "rawMatchupEdge": 2.398,
      "projectedDirectEdge": 2.398,
      "eliteSkillMarginEdge": 0,
      "teamResidualMarginEdge": 1.883,
      "expectedMargin": 4.281,
      "estimatedWinRate": 59.93,
      "empiricalWinRate": 58.61,
      "averageMargin": 3.73,
      "invariantErrors": 0
    },
    {
      "label": "纯内防 +19",
      "games": 10000,
      "rawAttackGap": 0.0336,
      "pregameAttackGap": 0.0336,
      "pregameDefenseGap": 0.112133,
      "rawMatchupEdge": 2.363,
      "projectedDirectEdge": 2.363,
      "eliteSkillMarginEdge": 0,
      "teamResidualMarginEdge": 3.318,
      "expectedMargin": 5.682,
      "estimatedWinRate": 63.3,
      "empiricalWinRate": 62.17,
      "averageMargin": 5.32,
      "invariantErrors": 0
    }
  ],
  "playoffRecordProbe": {
    "series": 1200,
    "neutralSeriesWinRate": 0.5058333333333334,
    "recordAdvantagedSeriesWinRate": 0.5341666666666667,
    "expectedMarginDelta": 0.6829268292682933,
    "recordFormEdge": 0.6829268292682933,
    "recordFormBias": 0.0015707317073170746
  }
}
