{
  "mode": "smoke",
  "gamesPerOrientation": 500,
  "report": [
    {
      "label": "基准",
      "games": 1000,
      "offenseGap": 0,
      "defenseGap": 0,
      "pregameAttackGap": 0,
      "pregameDefenseGap": 0,
      "rawMatchupEdge": 0,
      "projectedDirectEdge": 0,
      "eliteSkillMarginEdge": 0,
      "matchupEdge": 0,
      "rawRosterEdge": 0,
      "rosterEdge": 0,
      "rawStructureEdge": 0,
      "structureEdge": 0,
      "teamResidualMarginEdge": 0,
      "expectedMargin": 0,
      "estimatedWinRate": 50,
      "empiricalWinRate": 48.6,
      "averageMargin": -0.62,
      "invariantErrors": 0
    },
    {
      "label": "进攻 +5",
      "games": 1000,
      "offenseGap": 6.1,
      "defenseGap": 0,
      "pregameAttackGap": 0.067059,
      "pregameDefenseGap": 0,
      "rawMatchupEdge": 2.778,
      "projectedDirectEdge": 2.778,
      "eliteSkillMarginEdge": 0,
      "matchupEdge": 2.778,
      "rawRosterEdge": 4.251,
      "rosterEdge": 7.737,
      "rawStructureEdge": 0.752,
      "structureEdge": 0.489,
      "teamResidualMarginEdge": 8,
      "expectedMargin": 10.778,
      "estimatedWinRate": 73.72,
      "empiricalWinRate": 72.9,
      "averageMargin": 10.3,
      "invariantErrors": 0
    },
    {
      "label": "进攻 +10",
      "games": 1000,
      "offenseGap": 18.9728,
      "defenseGap": 0,
      "pregameAttackGap": 0.198598,
      "pregameDefenseGap": 0,
      "rawMatchupEdge": 6.039,
      "projectedDirectEdge": 6.039,
      "eliteSkillMarginEdge": 0,
      "matchupEdge": 6.039,
      "rawRosterEdge": 8.503,
      "rosterEdge": 8,
      "rawStructureEdge": 1.995,
      "structureEdge": 1.297,
      "teamResidualMarginEdge": 8,
      "expectedMargin": 14.039,
      "estimatedWinRate": 79.19,
      "empiricalWinRate": 78,
      "averageMargin": 14.37,
      "invariantErrors": 0
    },
    {
      "label": "进攻 +15",
      "games": 1000,
      "offenseGap": 23.2385,
      "defenseGap": 0,
      "pregameAttackGap": 0.233931,
      "pregameDefenseGap": 0,
      "rawMatchupEdge": 9.196,
      "projectedDirectEdge": 9.196,
      "eliteSkillMarginEdge": 0,
      "matchupEdge": 9.196,
      "rawRosterEdge": 11.296,
      "rosterEdge": 8,
      "rawStructureEdge": 2.888,
      "structureEdge": 1.877,
      "teamResidualMarginEdge": 8,
      "expectedMargin": 17.196,
      "estimatedWinRate": 83.85,
      "empiricalWinRate": 83.8,
      "averageMargin": 16.67,
      "invariantErrors": 0
    },
    {
      "label": "防守 +5",
      "games": 1000,
      "offenseGap": 0.0626,
      "defenseGap": 4.8624,
      "pregameAttackGap": 0.000626,
      "pregameDefenseGap": 0.048624,
      "rawMatchupEdge": 2.227,
      "projectedDirectEdge": 2.227,
      "eliteSkillMarginEdge": 0,
      "matchupEdge": 2.227,
      "rawRosterEdge": 1.549,
      "rosterEdge": 2.82,
      "rawStructureEdge": 0.646,
      "structureEdge": 0.42,
      "teamResidualMarginEdge": 3.24,
      "expectedMargin": 5.466,
      "estimatedWinRate": 62.71,
      "empiricalWinRate": 61.9,
      "averageMargin": 5.7,
      "invariantErrors": 0
    },
    {
      "label": "防守 +10",
      "games": 1000,
      "offenseGap": 0.1557,
      "defenseGap": 15.4366,
      "pregameAttackGap": 0.001557,
      "pregameDefenseGap": 0.154366,
      "rawMatchupEdge": 4.414,
      "projectedDirectEdge": 4.414,
      "eliteSkillMarginEdge": 0,
      "matchupEdge": 4.414,
      "rawRosterEdge": 3.099,
      "rosterEdge": 5.64,
      "rawStructureEdge": 1.76,
      "structureEdge": 1.144,
      "teamResidualMarginEdge": 6.784,
      "expectedMargin": 11.198,
      "estimatedWinRate": 74.37,
      "empiricalWinRate": 71.1,
      "averageMargin": 9.53,
      "invariantErrors": 0
    },
    {
      "label": "防守 +15",
      "games": 1000,
      "offenseGap": 0.6171,
      "defenseGap": 20.8414,
      "pregameAttackGap": 0.006171,
      "pregameDefenseGap": 0.208414,
      "rawMatchupEdge": 6.561,
      "projectedDirectEdge": 6.561,
      "eliteSkillMarginEdge": 0,
      "matchupEdge": 6.561,
      "rawRosterEdge": 4.648,
      "rosterEdge": 8,
      "rawStructureEdge": 2.864,
      "structureEdge": 1.861,
      "teamResidualMarginEdge": 8,
      "expectedMargin": 14.561,
      "estimatedWinRate": 79.98,
      "empiricalWinRate": 79.5,
      "averageMargin": 13.79,
      "invariantErrors": 0
    },
    {
      "label": "攻防同时 +10",
      "games": 1000,
      "offenseGap": 19.3188,
      "defenseGap": 15.4366,
      "pregameAttackGap": 0.202057,
      "pregameDefenseGap": 0.154366,
      "rawMatchupEdge": 10.567,
      "projectedDirectEdge": 10.567,
      "eliteSkillMarginEdge": 0,
      "matchupEdge": 10.567,
      "rawRosterEdge": 10.809,
      "rosterEdge": 8,
      "rawStructureEdge": 3.764,
      "structureEdge": 2.446,
      "teamResidualMarginEdge": 8,
      "expectedMargin": 18,
      "estimatedWinRate": 84.74,
      "empiricalWinRate": 86.6,
      "averageMargin": 18.7,
      "invariantErrors": 0
    }
  ],
  "archetypeReport": [],
  "playoffRecordProbe": {
    "series": 400,
    "neutralSeriesWinRate": 0.525,
    "recordAdvantagedSeriesWinRate": 0.5225,
    "expectedMarginDelta": 0.6829268292682933,
    "recordFormEdge": 0.6829268292682933,
    "recordFormBias": 0.0015707317073170746
  }
}
C:\kevin\myplayer\scripts\validate_v2_win_calibration.js:361
  throw new Error(`V2 攻防胜率校准失败：${failures.join('；')}`);
  ^

Error: V2 攻防胜率校准失败：V2 季后赛战绩优势没有提高系列赛胜率：{"series":400,"neutralSeriesWinRate":0.525,"recordAdvantagedSeriesWinRate":0.5225,"expectedMarginDelta":0.6829268292682933,"recordFormEdge":0.6829268292682933,"recordFormBias":0.0015707317073170746}
    at Object.<anonymous> (C:\kevin\myplayer\scripts\validate_v2_win_calibration.js:361:9)
    at Module._compile (node:internal/modules/cjs/loader:1706:14)
    at Object..js (node:internal/modules/cjs/loader:1839:10)
    at Module.load (node:internal/modules/cjs/loader:1441:32)
    at Function._load (node:internal/modules/cjs/loader:1263:12)
    at TracingChannel.traceSync (node:diagnostics_channel:322:14)
    at wrapModuleLoad (node:internal/modules/cjs/loader:237:24)
    at Function.executeUserEntryPoint [as runMain] (node:internal/modules/run_main:171:5)
    at node:internal/main/run_main_module:36:49

Node.js v22.20.0
